<html>
<body>
<pre>
<h1>µVision Build Log</h1>
<h2>Project:</h2>
E:\C++\AR\afrodevices-read-only\baseflight\baseflight.uvproj
Project File Date:  06/16/2012

<h2>Output:</h2>
Load "E:\\C++\\AR\\afrodevices-read-only\\baseflight\\obj\\baseflight.AXF" 
* JLink Info: Device "STM32F103CB" selected (128 KB flash, 20 KB RAM).
Set JLink Project File to "E:\C++\AR\afrodevices-read-only\baseflight\JLinkSettings.ini"
 
JLink info:
------------
DLL: V4.36l, compiled Dec  2 2011 18:52:36
Firmware: J-Link ARM V8 compiled Dec  6 2011 18:57:44
Hardware: V8.00
S/N : 20100214 
Feature(s) : RDI,FlashDL,FlashBP,JFlash,GDBFull 
 
* JLink Info: TotalIRLen = 9, IRPrint = 0x0011
* JLink Info: Found Cortex-M3 r1p1, Little endian.
* JLink Info: TPIU fitted.
* JLink Info:   FPUnit: 6 code (BP) slots and 2 literal slots
ROMTableAddr = 0xE00FF003
* JLink Info: TotalIRLen = 9, IRPrint = 0x0011
* JLink Info: Found Cortex-M3 r1p1, Little endian.
* JLink Info: TPIU fitted.
* JLink Info:   FPUnit: 6 code (BP) slots and 2 literal slots
* JLink Info: Found Cortex-M3 r1p1, Little endian.
* JLink Info: TPIU fitted.
* JLink Info:   FPUnit: 6 code (BP) slots and 2 literal slots
**JLink Warning: T-bit of XPSR is 0 but should be 1. Changed to 1.
 
Target info:
------------
Device: STM32F103CB
VTarget = 3.293V
State of Pins: 
TCK: 1, TDI: 0, TDO: 1, TMS: 0, TRES: 1, TRST: 1
Hardware-Breakpoints: 6
Software-Breakpoints: 8192
Watchpoints:          4
JTAG speed: 2000 kHz
 
Erase Done.
Programming Done.
Verify OK.
* JLink Info: TotalIRLen = 9, IRPrint = 0x0011
* JLink Info: Found Cortex-M3 r1p1, Little endian.
* JLink Info: TPIU fitted.
* JLink Info:   FPUnit: 6 code (BP) slots and 2 literal slots
* JLink Info: Found Cortex-M3 r1p1, Little endian.
* JLink Info: TPIU fitted.
* JLink Info:   FPUnit: 6 code (BP) slots and 2 literal slots
Application running ...
Build target 'STM32'
linking...
Program Size: Code=54212 RO-data=3612 RW-data=1040 ZI-data=5760  
FromELF: creating hex file...
".\obj\baseflight.axf" - 0 Error(s), 0 Warning(s).
Load "E:\\C++\\AR\\afrodevices-read-only\\baseflight\\obj\\baseflight.AXF" 
* JLink Info: Device "STM32F103CB" selected (128 KB flash, 20 KB RAM).
Set JLink Project File to "E:\C++\AR\afrodevices-read-only\baseflight\JLinkSettings.ini"
 
JLink info:
------------
DLL: V4.36l, compiled Dec  2 2011 18:52:36
Firmware: J-Link ARM V8 compiled Dec  6 2011 18:57:44
Hardware: V8.00
S/N : 20100214 
Feature(s) : RDI,FlashDL,FlashBP,JFlash,GDBFull 
 
* JLink Info: Could not measure total IR len. TDO is constant high.
Load "E:\\C++\\AR\\afrodevices-read-only\\baseflight\\obj\\baseflight.AXF" 
* JLink Info: Device "STM32F103CB" selected (128 KB flash, 20 KB RAM).
Set JLink Project File to "E:\C++\AR\afrodevices-read-only\baseflight\JLinkSettings.ini"
 
JLink info:
------------
DLL: V4.36l, compiled Dec  2 2011 18:52:36
Firmware: J-Link ARM V8 compiled Dec  6 2011 18:57:44
Hardware: V8.00
S/N : 20100214 
Feature(s) : RDI,FlashDL,FlashBP,JFlash,GDBFull 
 
* JLink Info: Could not measure total IR len. TDO is constant high.
Load "E:\\C++\\AR\\afrodevices-read-only\\baseflight\\obj\\baseflight.AXF" 
* JLink Info: Device "STM32F103CB" selected (128 KB flash, 20 KB RAM).
Set JLink Project File to "E:\C++\AR\afrodevices-read-only\baseflight\JLinkSettings.ini"
 
JLink info:
------------
DLL: V4.36l, compiled Dec  2 2011 18:52:36
Firmware: J-Link ARM V8 compiled Dec  6 2011 18:57:44
Hardware: V8.00
S/N : 20100214 
Feature(s) : RDI,FlashDL,FlashBP,JFlash,GDBFull 
 
* JLink Info: Could not measure total IR len. TDO is constant high.
Load "E:\\C++\\AR\\afrodevices-read-only\\baseflight\\obj\\baseflight.AXF" 
* JLink Info: Device "STM32F103CB" selected (128 KB flash, 20 KB RAM).
Set JLink Project File to "E:\C++\AR\afrodevices-read-only\baseflight\JLinkSettings.ini"
 
JLink info:
------------
DLL: V4.36l, compiled Dec  2 2011 18:52:36
Firmware: J-Link ARM V8 compiled Dec  6 2011 18:57:44
Hardware: V8.00
S/N : 20100214 
Feature(s) : RDI,FlashDL,FlashBP,JFlash,GDBFull 
 
* JLink Info: TotalIRLen = 9, IRPrint = 0x0011
* JLink Info: Found Cortex-M3 r1p1, Little endian.
* JLink Info: TPIU fitted.
* JLink Info:   FPUnit: 6 code (BP) slots and 2 literal slots
ROMTableAddr = 0xE00FF003
* JLink Info: TotalIRLen = 9, IRPrint = 0x0011
* JLink Info: Found Cortex-M3 r1p1, Little endian.
* JLink Info: TPIU fitted.
* JLink Info:   FPUnit: 6 code (BP) slots and 2 literal slots
* JLink Info: Found Cortex-M3 r1p1, Little endian.
* JLink Info: TPIU fitted.
* JLink Info:   FPUnit: 6 code (BP) slots and 2 literal slots
 
Target info:
------------
Device: STM32F103CB
VTarget = 3.293V
State of Pins: 
TCK: 1, TDI: 0, TDO: 1, TMS: 0, TRES: 1, TRST: 1
Hardware-Breakpoints: 6
Software-Breakpoints: 8192
Watchpoints:          4
JTAG speed: 2000 kHz
 
Erase Done.
Programming Done.
Verify OK.
* JLink Info: TotalIRLen = 9, IRPrint = 0x0011
* JLink Info: Found Cortex-M3 r1p1, Little endian.
* JLink Info: TPIU fitted.
* JLink Info:   FPUnit: 6 code (BP) slots and 2 literal slots
* JLink Info: Found Cortex-M3 r1p1, Little endian.
* JLink Info: TPIU fitted.
* JLink Info:   FPUnit: 6 code (BP) slots and 2 literal slots
Application running ...
Build target 'STM32'
compiling wificontroller.c...
src\wificontroller.c(54): warning:  #223-D: function "serialize8" declared implicitly
src\wificontroller.c(10): warning:  #177-D: variable "wifi_chan_shift" was declared but never referenced
src\wificontroller.c(11): warning:  #177-D: variable "wifi_chan_mask" was declared but never referenced
linking...
Program Size: Code=54212 RO-data=3612 RW-data=1040 ZI-data=5760  
FromELF: creating hex file...
".\obj\baseflight.axf" - 0 Error(s), 3 Warning(s).
Load "E:\\C++\\AR\\afrodevices-read-only\\baseflight\\obj\\baseflight.AXF" 
* JLink Info: Device "STM32F103CB" selected (128 KB flash, 20 KB RAM).
Set JLink Project File to "E:\C++\AR\afrodevices-read-only\baseflight\JLinkSettings.ini"
 
JLink info:
------------
DLL: V4.36l, compiled Dec  2 2011 18:52:36
Firmware: J-Link ARM V8 compiled Dec  6 2011 18:57:44
Hardware: V8.00
S/N : 20100214 
Feature(s) : RDI,FlashDL,FlashBP,JFlash,GDBFull 
 
* JLink Info: TotalIRLen = 9, IRPrint = 0x0011
* JLink Info: Found Cortex-M3 r1p1, Little endian.
* JLink Info: TPIU fitted.
* JLink Info:   FPUnit: 6 code (BP) slots and 2 literal slots
ROMTableAddr = 0xE00FF003
* JLink Info: TotalIRLen = 9, IRPrint = 0x0011
* JLink Info: Found Cortex-M3 r1p1, Little endian.
* JLink Info: TPIU fitted.
* JLink Info:   FPUnit: 6 code (BP) slots and 2 literal slots
* JLink Info: Found Cortex-M3 r1p1, Little endian.
* JLink Info: TPIU fitted.
* JLink Info:   FPUnit: 6 code (BP) slots and 2 literal slots
 
Target info:
------------
Device: STM32F103CB
VTarget = 3.293V
State of Pins: 
TCK: 1, TDI: 0, TDO: 1, TMS: 0, TRES: 1, TRST: 1
Hardware-Breakpoints: 6
Software-Breakpoints: 8192
Watchpoints:          4
JTAG speed: 2000 kHz
 
Erase Done.
Programming Done.
Verify OK.
* JLink Info: TotalIRLen = 9, IRPrint = 0x0011
* JLink Info: Found Cortex-M3 r1p1, Little endian.
* JLink Info: TPIU fitted.
* JLink Info:   FPUnit: 6 code (BP) slots and 2 literal slots
* JLink Info: Found Cortex-M3 r1p1, Little endian.
* JLink Info: TPIU fitted.
* JLink Info:   FPUnit: 6 code (BP) slots and 2 literal slots
Application running ...
Build target 'STM32'
compiling wificontroller.c...
src\wificontroller.c(10): warning:  #177-D: variable "wifi_chan_shift" was declared but never referenced
src\wificontroller.c(11): warning:  #177-D: variable "wifi_chan_mask" was declared but never referenced
linking...
Program Size: Code=54216 RO-data=3616 RW-data=1040 ZI-data=5760  
FromELF: creating hex file...
".\obj\baseflight.axf" - 0 Error(s), 2 Warning(s).
Load "E:\\C++\\AR\\afrodevices-read-only\\baseflight\\obj\\baseflight.AXF" 
* JLink Info: Device "STM32F103CB" selected (128 KB flash, 20 KB RAM).
Set JLink Project File to "E:\C++\AR\afrodevices-read-only\baseflight\JLinkSettings.ini"
 
JLink info:
------------
DLL: V4.36l, compiled Dec  2 2011 18:52:36
Firmware: J-Link ARM V8 compiled Dec  6 2011 18:57:44
Hardware: V8.00
S/N : 20100214 
Feature(s) : RDI,FlashDL,FlashBP,JFlash,GDBFull 
 
* JLink Info: TotalIRLen = 9, IRPrint = 0x0011
* JLink Info: Found Cortex-M3 r1p1, Little endian.
* JLink Info: TPIU fitted.
* JLink Info:   FPUnit: 6 code (BP) slots and 2 literal slots
ROMTableAddr = 0xE00FF003
* JLink Info: TotalIRLen = 9, IRPrint = 0x0011
* JLink Info: Found Cortex-M3 r1p1, Little endian.
* JLink Info: TPIU fitted.
* JLink Info:   FPUnit: 6 code (BP) slots and 2 literal slots
* JLink Info: Found Cortex-M3 r1p1, Little endian.
* JLink Info: TPIU fitted.
* JLink Info:   FPUnit: 6 code (BP) slots and 2 literal slots
 
Target info:
------------
Device: STM32F103CB
VTarget = 3.293V
State of Pins: 
TCK: 1, TDI: 0, TDO: 1, TMS: 0, TRES: 1, TRST: 1
Hardware-Breakpoints: 6
Software-Breakpoints: 8192
Watchpoints:          4
JTAG speed: 2000 kHz
 
Erase Done.
Programming Done.
Verify OK.
* JLink Info: TotalIRLen = 9, IRPrint = 0x0011
* JLink Info: Found Cortex-M3 r1p1, Little endian.
* JLink Info: TPIU fitted.
* JLink Info:   FPUnit: 6 code (BP) slots and 2 literal slots
* JLink Info: Found Cortex-M3 r1p1, Little endian.
* JLink Info: TPIU fitted.
* JLink Info:   FPUnit: 6 code (BP) slots and 2 literal slots
Application running ...
Build target 'STM32'
compiling wificontroller.c...
src\wificontroller.c(55): error:  #268: declaration may not appear after executable statement in block
src\wificontroller.c(56): error:  #167: argument of type "char *" is incompatible with parameter of type "FILE *restrict"
src\wificontroller.c(10): warning:  #177-D: variable "wifi_chan_shift" was declared but never referenced
src\wificontroller.c(11): warning:  #177-D: variable "wifi_chan_mask" was declared but never referenced
Target not created
Load "E:\\C++\\AR\\afrodevices-read-only\\baseflight\\obj\\baseflight.AXF" 
_____^
*** error 56: cannot open file
Load "E:\\C++\\AR\\afrodevices-read-only\\baseflight\\obj\\baseflight.AXF" 
_____^
*** error 56: cannot open file
Load "E:\\C++\\AR\\afrodevices-read-only\\baseflight\\obj\\baseflight.AXF" 
_____^
*** error 56: cannot open file
Load "E:\\C++\\AR\\afrodevices-read-only\\baseflight\\obj\\baseflight.AXF" 
_____^
*** error 56: cannot open file
Build target 'STM32'
compiling wificontroller.c...
src\wificontroller.c(55): error:  #268: declaration may not appear after executable statement in block
src\wificontroller.c(56): error:  #167: argument of type "char *" is incompatible with parameter of type "FILE *restrict"
src\wificontroller.c(10): warning:  #177-D: variable "wifi_chan_shift" was declared but never referenced
src\wificontroller.c(11): warning:  #177-D: variable "wifi_chan_mask" was declared but never referenced
Target not created
Build target 'STM32'
compiling wificontroller.c...
src\wificontroller.c(43): error:  #167: argument of type "char *" is incompatible with parameter of type "FILE *restrict"
src\wificontroller.c(10): warning:  #177-D: variable "wifi_chan_shift" was declared but never referenced
src\wificontroller.c(11): warning:  #177-D: variable "wifi_chan_mask" was declared but never referenced
Target not created
Build target 'STM32'
compiling wificontroller.c...
src\wificontroller.c(10): warning:  #177-D: variable "wifi_chan_shift" was declared but never referenced
src\wificontroller.c(11): warning:  #177-D: variable "wifi_chan_mask" was declared but never referenced
linking...
Program Size: Code=55108 RO-data=3612 RW-data=1040 ZI-data=5760  
FromELF: creating hex file...
".\obj\baseflight.axf" - 0 Error(s), 2 Warning(s).
Load "E:\\C++\\AR\\afrodevices-read-only\\baseflight\\obj\\baseflight.AXF" 
* JLink Info: Device "STM32F103CB" selected (128 KB flash, 20 KB RAM).
Set JLink Project File to "E:\C++\AR\afrodevices-read-only\baseflight\JLinkSettings.ini"
 
JLink info:
------------
DLL: V4.36l, compiled Dec  2 2011 18:52:36
Firmware: J-Link ARM V8 compiled Dec  6 2011 18:57:44
Hardware: V8.00
S/N : 20100214 
Feature(s) : RDI,FlashDL,FlashBP,JFlash,GDBFull 
 
* JLink Info: TotalIRLen = 9, IRPrint = 0x0011
* JLink Info: Found Cortex-M3 r1p1, Little endian.
* JLink Info: TPIU fitted.
* JLink Info:   FPUnit: 6 code (BP) slots and 2 literal slots
ROMTableAddr = 0xE00FF003
* JLink Info: TotalIRLen = 9, IRPrint = 0x0011
* JLink Info: Found Cortex-M3 r1p1, Little endian.
* JLink Info: TPIU fitted.
* JLink Info:   FPUnit: 6 code (BP) slots and 2 literal slots
* JLink Info: Found Cortex-M3 r1p1, Little endian.
* JLink Info: TPIU fitted.
* JLink Info:   FPUnit: 6 code (BP) slots and 2 literal slots
 
Target info:
------------
Device: STM32F103CB
VTarget = 3.293V
State of Pins: 
TCK: 1, TDI: 0, TDO: 1, TMS: 0, TRES: 1, TRST: 1
Hardware-Breakpoints: 6
Software-Breakpoints: 8192
Watchpoints:          4
JTAG speed: 2000 kHz
 
Erase Done.
Programming Done.
Verify OK.
* JLink Info: TotalIRLen = 9, IRPrint = 0x0011
* JLink Info: Found Cortex-M3 r1p1, Little endian.
* JLink Info: TPIU fitted.
* JLink Info:   FPUnit: 6 code (BP) slots and 2 literal slots
* JLink Info: Found Cortex-M3 r1p1, Little endian.
* JLink Info: TPIU fitted.
* JLink Info:   FPUnit: 6 code (BP) slots and 2 literal slots
Application running ...
Build target 'STM32'
compiling wificontroller.c...
src\wificontroller.c(10): warning:  #177-D: variable "wifi_chan_shift" was declared but never referenced
src\wificontroller.c(11): warning:  #177-D: variable "wifi_chan_mask" was declared but never referenced
linking...
Program Size: Code=55108 RO-data=3612 RW-data=1040 ZI-data=5760  
FromELF: creating hex file...
".\obj\baseflight.axf" - 0 Error(s), 2 Warning(s).
Load "E:\\C++\\AR\\afrodevices-read-only\\baseflight\\obj\\baseflight.AXF" 
* JLink Info: Device "STM32F103CB" selected (128 KB flash, 20 KB RAM).
Set JLink Project File to "E:\C++\AR\afrodevices-read-only\baseflight\JLinkSettings.ini"
 
JLink info:
------------
DLL: V4.36l, compiled Dec  2 2011 18:52:36
Firmware: J-Link ARM V8 compiled Dec  6 2011 18:57:44
Hardware: V8.00
S/N : 20100214 
Feature(s) : RDI,FlashDL,FlashBP,JFlash,GDBFull 
 
* JLink Info: TotalIRLen = 9, IRPrint = 0x0011
* JLink Info: Found Cortex-M3 r1p1, Little endian.
* JLink Info: TPIU fitted.
* JLink Info:   FPUnit: 6 code (BP) slots and 2 literal slots
ROMTableAddr = 0xE00FF003
* JLink Info: TotalIRLen = 9, IRPrint = 0x0011
* JLink Info: Found Cortex-M3 r1p1, Little endian.
* JLink Info: TPIU fitted.
* JLink Info:   FPUnit: 6 code (BP) slots and 2 literal slots
* JLink Info: Found Cortex-M3 r1p1, Little endian.
* JLink Info: TPIU fitted.
* JLink Info:   FPUnit: 6 code (BP) slots and 2 literal slots
 
Target info:
------------
Device: STM32F103CB
VTarget = 3.293V
State of Pins: 
TCK: 1, TDI: 0, TDO: 1, TMS: 0, TRES: 1, TRST: 1
Hardware-Breakpoints: 6
Software-Breakpoints: 8192
Watchpoints:          4
JTAG speed: 2000 kHz
 
Erase Done.
Programming Done.
Verify OK.
* JLink Info: TotalIRLen = 9, IRPrint = 0x0011
* JLink Info: Found Cortex-M3 r1p1, Little endian.
* JLink Info: TPIU fitted.
* JLink Info:   FPUnit: 6 code (BP) slots and 2 literal slots
* JLink Info: Found Cortex-M3 r1p1, Little endian.
* JLink Info: TPIU fitted.
* JLink Info:   FPUnit: 6 code (BP) slots and 2 literal slots
Application running ...
Build target 'STM32'
compiling wificontroller.c...
src\wificontroller.c(10): warning:  #177-D: variable "wifi_chan_shift" was declared but never referenced
src\wificontroller.c(11): warning:  #177-D: variable "wifi_chan_mask" was declared but never referenced
linking...
Program Size: Code=55108 RO-data=3612 RW-data=1040 ZI-data=5760  
FromELF: creating hex file...
".\obj\baseflight.axf" - 0 Error(s), 2 Warning(s).
Load "E:\\C++\\AR\\afrodevices-read-only\\baseflight\\obj\\baseflight.AXF" 
* JLink Info: Device "STM32F103CB" selected (128 KB flash, 20 KB RAM).
Set JLink Project File to "E:\C++\AR\afrodevices-read-only\baseflight\JLinkSettings.ini"
 
JLink info:
------------
DLL: V4.36l, compiled Dec  2 2011 18:52:36
Firmware: J-Link ARM V8 compiled Dec  6 2011 18:57:44
Hardware: V8.00
S/N : 20100214 
Feature(s) : RDI,FlashDL,FlashBP,JFlash,GDBFull 
 
* JLink Info: TotalIRLen = 9, IRPrint = 0x0011
* JLink Info: Found Cortex-M3 r1p1, Little endian.
* JLink Info: TPIU fitted.
* JLink Info:   FPUnit: 6 code (BP) slots and 2 literal slots
ROMTableAddr = 0xE00FF003
* JLink Info: TotalIRLen = 9, IRPrint = 0x0011
* JLink Info: Found Cortex-M3 r1p1, Little endian.
* JLink Info: TPIU fitted.
* JLink Info:   FPUnit: 6 code (BP) slots and 2 literal slots
* JLink Info: Found Cortex-M3 r1p1, Little endian.
* JLink Info: TPIU fitted.
* JLink Info:   FPUnit: 6 code (BP) slots and 2 literal slots
 
Target info:
------------
Device: STM32F103CB
VTarget = 3.293V
State of Pins: 
TCK: 1, TDI: 0, TDO: 1, TMS: 0, TRES: 1, TRST: 1
Hardware-Breakpoints: 6
Software-Breakpoints: 8192
Watchpoints:          4
JTAG speed: 2000 kHz
 
Erase Done.
Programming Done.
Verify OK.
* JLink Info: TotalIRLen = 9, IRPrint = 0x0011
* JLink Info: Found Cortex-M3 r1p1, Little endian.
* JLink Info: TPIU fitted.
* JLink Info:   FPUnit: 6 code (BP) slots and 2 literal slots
* JLink Info: Found Cortex-M3 r1p1, Little endian.
* JLink Info: TPIU fitted.
* JLink Info:   FPUnit: 6 code (BP) slots and 2 literal slots
Application running ...
Build target 'STM32'
compiling wificontroller.c...
src\wificontroller.c(10): warning:  #177-D: variable "wifi_chan_shift" was declared but never referenced
src\wificontroller.c(11): warning:  #177-D: variable "wifi_chan_mask" was declared but never referenced
linking...
Program Size: Code=55112 RO-data=3616 RW-data=1040 ZI-data=5760  
FromELF: creating hex file...
".\obj\baseflight.axf" - 0 Error(s), 2 Warning(s).
Load "E:\\C++\\AR\\afrodevices-read-only\\baseflight\\obj\\baseflight.AXF" 
* JLink Info: Device "STM32F103CB" selected (128 KB flash, 20 KB RAM).
Set JLink Project File to "E:\C++\AR\afrodevices-read-only\baseflight\JLinkSettings.ini"
 
JLink info:
------------
DLL: V4.36l, compiled Dec  2 2011 18:52:36
Firmware: J-Link ARM V8 compiled Dec  6 2011 18:57:44
Hardware: V8.00
S/N : 20100214 
Feature(s) : RDI,FlashDL,FlashBP,JFlash,GDBFull 
 
* JLink Info: TotalIRLen = 9, IRPrint = 0x0011
* JLink Info: Found Cortex-M3 r1p1, Little endian.
* JLink Info: TPIU fitted.
* JLink Info:   FPUnit: 6 code (BP) slots and 2 literal slots
ROMTableAddr = 0xE00FF003
* JLink Info: TotalIRLen = 9, IRPrint = 0x0011
* JLink Info: Found Cortex-M3 r1p1, Little endian.
* JLink Info: TPIU fitted.
* JLink Info:   FPUnit: 6 code (BP) slots and 2 literal slots
* JLink Info: Found Cortex-M3 r1p1, Little endian.
* JLink Info: TPIU fitted.
* JLink Info:   FPUnit: 6 code (BP) slots and 2 literal slots
 
Target info:
------------
Device: STM32F103CB
VTarget = 3.293V
State of Pins: 
TCK: 1, TDI: 0, TDO: 1, TMS: 0, TRES: 1, TRST: 1
Hardware-Breakpoints: 6
Software-Breakpoints: 8192
Watchpoints:          4
JTAG speed: 2000 kHz
 
Erase Done.
Programming Done.
Verify OK.
* JLink Info: TotalIRLen = 9, IRPrint = 0x0011
* JLink Info: Found Cortex-M3 r1p1, Little endian.
* JLink Info: TPIU fitted.
* JLink Info:   FPUnit: 6 code (BP) slots and 2 literal slots
* JLink Info: Found Cortex-M3 r1p1, Little endian.
* JLink Info: TPIU fitted.
* JLink Info:   FPUnit: 6 code (BP) slots and 2 literal slots
Application running ...
Build target 'STM32'
compiling wificontroller.c...
src\wificontroller.c(10): warning:  #177-D: variable "wifi_chan_shift" was declared but never referenced
src\wificontroller.c(11): warning:  #177-D: variable "wifi_chan_mask" was declared but never referenced
linking...
Program Size: Code=55112 RO-data=3616 RW-data=1040 ZI-data=5760  
FromELF: creating hex file...
".\obj\baseflight.axf" - 0 Error(s), 2 Warning(s).
Load "E:\\C++\\AR\\afrodevices-read-only\\baseflight\\obj\\baseflight.AXF" 
* JLink Info: Device "STM32F103CB" selected (128 KB flash, 20 KB RAM).
Set JLink Project File to "E:\C++\AR\afrodevices-read-only\baseflight\JLinkSettings.ini"
 
JLink info:
------------
DLL: V4.36l, compiled Dec  2 2011 18:52:36
Firmware: J-Link ARM V8 compiled Dec  6 2011 18:57:44
Hardware: V8.00
S/N : 20100214 
Feature(s) : RDI,FlashDL,FlashBP,JFlash,GDBFull 
 
* JLink Info: TotalIRLen = 9, IRPrint = 0x0011
* JLink Info: Found Cortex-M3 r1p1, Little endian.
* JLink Info: TPIU fitted.
* JLink Info:   FPUnit: 6 code (BP) slots and 2 literal slots
ROMTableAddr = 0xE00FF003
* JLink Info: TotalIRLen = 9, IRPrint = 0x0011
* JLink Info: Found Cortex-M3 r1p1, Little endian.
* JLink Info: TPIU fitted.
* JLink Info:   FPUnit: 6 code (BP) slots and 2 literal slots
* JLink Info: Found Cortex-M3 r1p1, Little endian.
* JLink Info: TPIU fitted.
* JLink Info:   FPUnit: 6 code (BP) slots and 2 literal slots
 
Target info:
------------
Device: STM32F103CB
VTarget = 3.293V
State of Pins: 
TCK: 1, TDI: 0, TDO: 1, TMS: 0, TRES: 1, TRST: 1
Hardware-Breakpoints: 6
Software-Breakpoints: 8192
Watchpoints:          4
JTAG speed: 2000 kHz
 
Erase Done.
Programming Done.
Verify OK.
* JLink Info: TotalIRLen = 9, IRPrint = 0x0011
* JLink Info: Found Cortex-M3 r1p1, Little endian.
* JLink Info: TPIU fitted.
* JLink Info:   FPUnit: 6 code (BP) slots and 2 literal slots
* JLink Info: Found Cortex-M3 r1p1, Little endian.
* JLink Info: TPIU fitted.
* JLink Info:   FPUnit: 6 code (BP) slots and 2 literal slots
Application running ...
Build target 'STM32'
compiling wificontroller.c...
src\wificontroller.c(10): warning:  #177-D: variable "wifi_chan_shift" was declared but never referenced
src\wificontroller.c(11): warning:  #177-D: variable "wifi_chan_mask" was declared but never referenced
linking...
Program Size: Code=55112 RO-data=3616 RW-data=1040 ZI-data=5760  
FromELF: creating hex file...
".\obj\baseflight.axf" - 0 Error(s), 2 Warning(s).
Load "E:\\C++\\AR\\afrodevices-read-only\\baseflight\\obj\\baseflight.AXF" 
* JLink Info: Device "STM32F103CB" selected (128 KB flash, 20 KB RAM).
Set JLink Project File to "E:\C++\AR\afrodevices-read-only\baseflight\JLinkSettings.ini"
 
JLink info:
------------
DLL: V4.36l, compiled Dec  2 2011 18:52:36
Firmware: J-Link ARM V8 compiled Dec  6 2011 18:57:44
Hardware: V8.00
S/N : 20100214 
Feature(s) : RDI,FlashDL,FlashBP,JFlash,GDBFull 
 
* JLink Info: TotalIRLen = 9, IRPrint = 0x0011
* JLink Info: Found Cortex-M3 r1p1, Little endian.
* JLink Info: TPIU fitted.
* JLink Info:   FPUnit: 6 code (BP) slots and 2 literal slots
ROMTableAddr = 0xE00FF003
* JLink Info: TotalIRLen = 9, IRPrint = 0x0011
* JLink Info: Found Cortex-M3 r1p1, Little endian.
* JLink Info: TPIU fitted.
* JLink Info:   FPUnit: 6 code (BP) slots and 2 literal slots
* JLink Info: Found Cortex-M3 r1p1, Little endian.
* JLink Info: TPIU fitted.
* JLink Info:   FPUnit: 6 code (BP) slots and 2 literal slots
 
Target info:
------------
Device: STM32F103CB
VTarget = 3.293V
State of Pins: 
TCK: 1, TDI: 0, TDO: 1, TMS: 0, TRES: 1, TRST: 1
Hardware-Breakpoints: 6
Software-Breakpoints: 8192
Watchpoints:          4
JTAG speed: 2000 kHz
 
Erase Done.
Programming Done.
Verify OK.
* JLink Info: TotalIRLen = 9, IRPrint = 0x0011
* JLink Info: Found Cortex-M3 r1p1, Little endian.
* JLink Info: TPIU fitted.
* JLink Info:   FPUnit: 6 code (BP) slots and 2 literal slots
* JLink Info: Found Cortex-M3 r1p1, Little endian.
* JLink Info: TPIU fitted.
* JLink Info:   FPUnit: 6 code (BP) slots and 2 literal slots
Application running ...
Build target 'STM32'
compiling wificontroller.c...
src\wificontroller.c(10): warning:  #177-D: variable "wifi_chan_shift" was declared but never referenced
src\wificontroller.c(11): warning:  #177-D: variable "wifi_chan_mask" was declared but never referenced
linking...
Program Size: Code=55108 RO-data=3612 RW-data=1040 ZI-data=5760  
FromELF: creating hex file...
".\obj\baseflight.axf" - 0 Error(s), 2 Warning(s).
Load "E:\\C++\\AR\\afrodevices-read-only\\baseflight\\obj\\baseflight.AXF" 
* JLink Info: Device "STM32F103CB" selected (128 KB flash, 20 KB RAM).
Set JLink Project File to "E:\C++\AR\afrodevices-read-only\baseflight\JLinkSettings.ini"
 
JLink info:
------------
DLL: V4.36l, compiled Dec  2 2011 18:52:36
Firmware: J-Link ARM V8 compiled Dec  6 2011 18:57:44
Hardware: V8.00
S/N : 20100214 
Feature(s) : RDI,FlashDL,FlashBP,JFlash,GDBFull 
 
* JLink Info: Could not measure total IR len. TDO is constant high.
Load "E:\\C++\\AR\\afrodevices-read-only\\baseflight\\obj\\baseflight.AXF" 
* JLink Info: Device "STM32F103CB" selected (128 KB flash, 20 KB RAM).
Set JLink Project File to "E:\C++\AR\afrodevices-read-only\baseflight\JLinkSettings.ini"
 
JLink info:
------------
DLL: V4.36l, compiled Dec  2 2011 18:52:36
Firmware: J-Link ARM V8 compiled Dec  6 2011 18:57:44
Hardware: V8.00
S/N : 20100214 
Feature(s) : RDI,FlashDL,FlashBP,JFlash,GDBFull 
 
* JLink Info: TotalIRLen = 9, IRPrint = 0x0011
* JLink Info: Found Cortex-M3 r1p1, Little endian.
* JLink Info: TPIU fitted.
* JLink Info:   FPUnit: 6 code (BP) slots and 2 literal slots
ROMTableAddr = 0xE00FF003
* JLink Info: TotalIRLen = 9, IRPrint = 0x0011
* JLink Info: Found Cortex-M3 r1p1, Little endian.
* JLink Info: TPIU fitted.
* JLink Info:   FPUnit: 6 code (BP) slots and 2 literal slots
* JLink Info: Found Cortex-M3 r1p1, Little endian.
* JLink Info: TPIU fitted.
* JLink Info:   FPUnit: 6 code (BP) slots and 2 literal slots
 
Target info:
------------
Device: STM32F103CB
VTarget = 3.293V
State of Pins: 
TCK: 1, TDI: 0, TDO: 1, TMS: 0, TRES: 1, TRST: 1
Hardware-Breakpoints: 6
Software-Breakpoints: 8192
Watchpoints:          4
JTAG speed: 2000 kHz
 
Erase Done.
Programming Done.
Verify OK.
* JLink Info: TotalIRLen = 9, IRPrint = 0x0011
* JLink Info: Found Cortex-M3 r1p1, Little endian.
* JLink Info: TPIU fitted.
* JLink Info:   FPUnit: 6 code (BP) slots and 2 literal slots
* JLink Info: Found Cortex-M3 r1p1, Little endian.
* JLink Info: TPIU fitted.
* JLink Info:   FPUnit: 6 code (BP) slots and 2 literal slots
Application running ...
Build target 'STM32'
compiling wificontroller.c...
src\wificontroller.c(10): warning:  #177-D: variable "wifi_chan_shift" was declared but never referenced
src\wificontroller.c(11): warning:  #177-D: variable "wifi_chan_mask" was declared but never referenced
linking...
Program Size: Code=55116 RO-data=3612 RW-data=1040 ZI-data=5760  
FromELF: creating hex file...
".\obj\baseflight.axf" - 0 Error(s), 2 Warning(s).
Load "E:\\C++\\AR\\afrodevices-read-only\\baseflight\\obj\\baseflight.AXF" 
* JLink Info: Device "STM32F103CB" selected (128 KB flash, 20 KB RAM).
Set JLink Project File to "E:\C++\AR\afrodevices-read-only\baseflight\JLinkSettings.ini"
 
JLink info:
------------
DLL: V4.36l, compiled Dec  2 2011 18:52:36
Firmware: J-Link ARM V8 compiled Dec  6 2011 18:57:44
Hardware: V8.00
S/N : 20100214 
Feature(s) : RDI,FlashDL,FlashBP,JFlash,GDBFull 
 
* JLink Info: TotalIRLen = 9, IRPrint = 0x0011
* JLink Info: Found Cortex-M3 r1p1, Little endian.
* JLink Info: TPIU fitted.
* JLink Info:   FPUnit: 6 code (BP) slots and 2 literal slots
ROMTableAddr = 0xE00FF003
* JLink Info: TotalIRLen = 9, IRPrint = 0x0011
* JLink Info: Found Cortex-M3 r1p1, Little endian.
* JLink Info: TPIU fitted.
* JLink Info:   FPUnit: 6 code (BP) slots and 2 literal slots
* JLink Info: Found Cortex-M3 r1p1, Little endian.
* JLink Info: TPIU fitted.
* JLink Info:   FPUnit: 6 code (BP) slots and 2 literal slots
 
Target info:
------------
Device: STM32F103CB
VTarget = 3.293V
State of Pins: 
TCK: 1, TDI: 0, TDO: 1, TMS: 0, TRES: 1, TRST: 1
Hardware-Breakpoints: 6
Software-Breakpoints: 8192
Watchpoints:          4
JTAG speed: 2000 kHz
 
Erase Done.
Programming Done.
Verify OK.
* JLink Info: TotalIRLen = 9, IRPrint = 0x0011
* JLink Info: Found Cortex-M3 r1p1, Little endian.
* JLink Info: TPIU fitted.
* JLink Info:   FPUnit: 6 code (BP) slots and 2 literal slots
* JLink Info: Found Cortex-M3 r1p1, Little endian.
* JLink Info: TPIU fitted.
* JLink Info:   FPUnit: 6 code (BP) slots and 2 literal slots
Application running ...
Build target 'STM32'
compiling wificontroller.c...
src\wificontroller.c(10): warning:  #177-D: variable "wifi_chan_shift" was declared but never referenced
src\wificontroller.c(11): warning:  #177-D: variable "wifi_chan_mask" was declared but never referenced
linking...
Program Size: Code=55108 RO-data=3612 RW-data=1040 ZI-data=5760  
FromELF: creating hex file...
".\obj\baseflight.axf" - 0 Error(s), 2 Warning(s).
Load "E:\\C++\\AR\\afrodevices-read-only\\baseflight\\obj\\baseflight.AXF" 
* JLink Info: Device "STM32F103CB" selected (128 KB flash, 20 KB RAM).
Set JLink Project File to "E:\C++\AR\afrodevices-read-only\baseflight\JLinkSettings.ini"
 
JLink info:
------------
DLL: V4.36l, compiled Dec  2 2011 18:52:36
Firmware: J-Link ARM V8 compiled Dec  6 2011 18:57:44
Hardware: V8.00
S/N : 20100214 
Feature(s) : RDI,FlashDL,FlashBP,JFlash,GDBFull 
 
* JLink Info: TotalIRLen = 9, IRPrint = 0x0011
* JLink Info: Found Cortex-M3 r1p1, Little endian.
* JLink Info: TPIU fitted.
* JLink Info:   FPUnit: 6 code (BP) slots and 2 literal slots
ROMTableAddr = 0xE00FF003
* JLink Info: TotalIRLen = 9, IRPrint = 0x0011
* JLink Info: Found Cortex-M3 r1p1, Little endian.
* JLink Info: TPIU fitted.
* JLink Info:   FPUnit: 6 code (BP) slots and 2 literal slots
* JLink Info: Found Cortex-M3 r1p1, Little endian.
* JLink Info: TPIU fitted.
* JLink Info:   FPUnit: 6 code (BP) slots and 2 literal slots
 
Target info:
------------
Device: STM32F103CB
VTarget = 3.293V
State of Pins: 
TCK: 1, TDI: 0, TDO: 1, TMS: 0, TRES: 1, TRST: 1
Hardware-Breakpoints: 6
Software-Breakpoints: 8192
Watchpoints:          4
JTAG speed: 2000 kHz
 
Erase Done.
Programming Done.
Verify OK.
* JLink Info: TotalIRLen = 9, IRPrint = 0x0011
* JLink Info: Found Cortex-M3 r1p1, Little endian.
* JLink Info: TPIU fitted.
* JLink Info:   FPUnit: 6 code (BP) slots and 2 literal slots
* JLink Info: Found Cortex-M3 r1p1, Little endian.
* JLink Info: TPIU fitted.
* JLink Info:   FPUnit: 6 code (BP) slots and 2 literal slots
Application running ...
Build target 'STM32'
compiling wificontroller.c...
src\wificontroller.c(72): warning:  #111-D: statement is unreachable
src\wificontroller.c(10): warning:  #177-D: variable "wifi_chan_shift" was declared but never referenced
src\wificontroller.c(11): warning:  #177-D: variable "wifi_chan_mask" was declared but never referenced
linking...
Program Size: Code=55104 RO-data=3616 RW-data=1040 ZI-data=5760  
FromELF: creating hex file...
".\obj\baseflight.axf" - 0 Error(s), 3 Warning(s).
Load "E:\\C++\\AR\\afrodevices-read-only\\baseflight\\obj\\baseflight.AXF" 
* JLink Info: Device "STM32F103CB" selected (128 KB flash, 20 KB RAM).
Set JLink Project File to "E:\C++\AR\afrodevices-read-only\baseflight\JLinkSettings.ini"
 
JLink info:
------------
DLL: V4.36l, compiled Dec  2 2011 18:52:36
Firmware: J-Link ARM V8 compiled Dec  6 2011 18:57:44
Hardware: V8.00
S/N : 20100214 
Feature(s) : RDI,FlashDL,FlashBP,JFlash,GDBFull 
 
* JLink Info: TotalIRLen = 9, IRPrint = 0x0011
* JLink Info: Found Cortex-M3 r1p1, Little endian.
* JLink Info: TPIU fitted.
* JLink Info:   FPUnit: 6 code (BP) slots and 2 literal slots
ROMTableAddr = 0xE00FF003
* JLink Info: TotalIRLen = 9, IRPrint = 0x0011
* JLink Info: Found Cortex-M3 r1p1, Little endian.
* JLink Info: TPIU fitted.
* JLink Info:   FPUnit: 6 code (BP) slots and 2 literal slots
* JLink Info: Found Cortex-M3 r1p1, Little endian.
* JLink Info: TPIU fitted.
* JLink Info:   FPUnit: 6 code (BP) slots and 2 literal slots
 
Target info:
------------
Device: STM32F103CB
VTarget = 3.293V
State of Pins: 
TCK: 1, TDI: 0, TDO: 1, TMS: 0, TRES: 1, TRST: 1
Hardware-Breakpoints: 6
Software-Breakpoints: 8192
Watchpoints:          4
JTAG speed: 2000 kHz
 
Erase Done.
Programming Done.
Verify OK.
* JLink Info: TotalIRLen = 9, IRPrint = 0x0011
* JLink Info: Found Cortex-M3 r1p1, Little endian.
* JLink Info: TPIU fitted.
* JLink Info:   FPUnit: 6 code (BP) slots and 2 literal slots
* JLink Info: Found Cortex-M3 r1p1, Little endian.
* JLink Info: TPIU fitted.
* JLink Info:   FPUnit: 6 code (BP) slots and 2 literal slots
Application running ...
Build target 'STM32'
compiling wificontroller.c...
src\wificontroller.c(10): warning:  #177-D: variable "wifi_chan_shift" was declared but never referenced
src\wificontroller.c(11): warning:  #177-D: variable "wifi_chan_mask" was declared but never referenced
linking...
Program Size: Code=55116 RO-data=3612 RW-data=1040 ZI-data=5760  
FromELF: creating hex file...
".\obj\baseflight.axf" - 0 Error(s), 2 Warning(s).
Load "E:\\C++\\AR\\afrodevices-read-only\\baseflight\\obj\\baseflight.AXF" 
* JLink Info: Device "STM32F103CB" selected (128 KB flash, 20 KB RAM).
Set JLink Project File to "E:\C++\AR\afrodevices-read-only\baseflight\JLinkSettings.ini"
 
JLink info:
------------
DLL: V4.36l, compiled Dec  2 2011 18:52:36
Firmware: J-Link ARM V8 compiled Dec  6 2011 18:57:44
Hardware: V8.00
S/N : 20100214 
Feature(s) : RDI,FlashDL,FlashBP,JFlash,GDBFull 
 
* JLink Info: Could not measure total IR len. TDO is constant high.
Load "E:\\C++\\AR\\afrodevices-read-only\\baseflight\\obj\\baseflight.AXF" 
* JLink Info: Device "STM32F103CB" selected (128 KB flash, 20 KB RAM).
Set JLink Project File to "E:\C++\AR\afrodevices-read-only\baseflight\JLinkSettings.ini"
 
JLink info:
------------
DLL: V4.36l, compiled Dec  2 2011 18:52:36
Firmware: J-Link ARM V8 compiled Dec  6 2011 18:57:44
Hardware: V8.00
S/N : 20100214 
Feature(s) : RDI,FlashDL,FlashBP,JFlash,GDBFull 
 
* JLink Info: TotalIRLen = 9, IRPrint = 0x0011
* JLink Info: Found Cortex-M3 r1p1, Little endian.
* JLink Info: TPIU fitted.
* JLink Info:   FPUnit: 6 code (BP) slots and 2 literal slots
ROMTableAddr = 0xE00FF003
* JLink Info: TotalIRLen = 9, IRPrint = 0x0011
* JLink Info: Found Cortex-M3 r1p1, Little endian.
* JLink Info: TPIU fitted.
* JLink Info:   FPUnit: 6 code (BP) slots and 2 literal slots
* JLink Info: Found Cortex-M3 r1p1, Little endian.
* JLink Info: TPIU fitted.
* JLink Info:   FPUnit: 6 code (BP) slots and 2 literal slots
 
Target info:
------------
Device: STM32F103CB
VTarget = 3.293V
State of Pins: 
TCK: 1, TDI: 0, TDO: 1, TMS: 0, TRES: 1, TRST: 1
Hardware-Breakpoints: 6
Software-Breakpoints: 8192
Watchpoints:          4
JTAG speed: 2000 kHz
 
Erase Done.
Programming Done.
Verify OK.
* JLink Info: TotalIRLen = 9, IRPrint = 0x0011
* JLink Info: Found Cortex-M3 r1p1, Little endian.
* JLink Info: TPIU fitted.
* JLink Info:   FPUnit: 6 code (BP) slots and 2 literal slots
* JLink Info: Found Cortex-M3 r1p1, Little endian.
* JLink Info: TPIU fitted.
* JLink Info:   FPUnit: 6 code (BP) slots and 2 literal slots
Application running ...
Build target 'STM32'
compiling wificontroller.c...
src\wificontroller.c(10): warning:  #177-D: variable "wifi_chan_shift" was declared but never referenced
src\wificontroller.c(11): warning:  #177-D: variable "wifi_chan_mask" was declared but never referenced
linking...
Program Size: Code=55108 RO-data=3612 RW-data=1040 ZI-data=5760  
FromELF: creating hex file...
".\obj\baseflight.axf" - 0 Error(s), 2 Warning(s).
Load "E:\\C++\\AR\\afrodevices-read-only\\baseflight\\obj\\baseflight.AXF" 
* JLink Info: Device "STM32F103CB" selected (128 KB flash, 20 KB RAM).
Set JLink Project File to "E:\C++\AR\afrodevices-read-only\baseflight\JLinkSettings.ini"
 
JLink info:
------------
DLL: V4.36l, compiled Dec  2 2011 18:52:36
Firmware: J-Link ARM V8 compiled Dec  6 2011 18:57:44
Hardware: V8.00
S/N : 20100214 
Feature(s) : RDI,FlashDL,FlashBP,JFlash,GDBFull 
 
* JLink Info: Could not measure total IR len. TDO is constant high.
Load "E:\\C++\\AR\\afrodevices-read-only\\baseflight\\obj\\baseflight.AXF" 
* JLink Info: Device "STM32F103CB" selected (128 KB flash, 20 KB RAM).
Set JLink Project File to "E:\C++\AR\afrodevices-read-only\baseflight\JLinkSettings.ini"
 
JLink info:
------------
DLL: V4.36l, compiled Dec  2 2011 18:52:36
Firmware: J-Link ARM V8 compiled Dec  6 2011 18:57:44
Hardware: V8.00
S/N : 20100214 
Feature(s) : RDI,FlashDL,FlashBP,JFlash,GDBFull 
 
* JLink Info: TotalIRLen = 9, IRPrint = 0x0011
* JLink Info: Found Cortex-M3 r1p1, Little endian.
* JLink Info: TPIU fitted.
* JLink Info:   FPUnit: 6 code (BP) slots and 2 literal slots
ROMTableAddr = 0xE00FF003
* JLink Info: TotalIRLen = 9, IRPrint = 0x0011
* JLink Info: Found Cortex-M3 r1p1, Little endian.
* JLink Info: TPIU fitted.
* JLink Info:   FPUnit: 6 code (BP) slots and 2 literal slots
* JLink Info: Found Cortex-M3 r1p1, Little endian.
* JLink Info: TPIU fitted.
* JLink Info:   FPUnit: 6 code (BP) slots and 2 literal slots
 
Target info:
------------
Device: STM32F103CB
VTarget = 3.293V
State of Pins: 
TCK: 1, TDI: 0, TDO: 1, TMS: 0, TRES: 1, TRST: 1
Hardware-Breakpoints: 6
Software-Breakpoints: 8192
Watchpoints:          4
JTAG speed: 2000 kHz
 
Erase Done.
Programming Done.
Verify OK.
* JLink Info: TotalIRLen = 9, IRPrint = 0x0011
* JLink Info: Found Cortex-M3 r1p1, Little endian.
* JLink Info: TPIU fitted.
* JLink Info:   FPUnit: 6 code (BP) slots and 2 literal slots
* JLink Info: Found Cortex-M3 r1p1, Little endian.
* JLink Info: TPIU fitted.
* JLink Info:   FPUnit: 6 code (BP) slots and 2 literal slots
Application running ...
Build target 'STM32'
compiling wificontroller.c...
src\wificontroller.c(59): error:  #268: declaration may not appear after executable statement in block
src\wificontroller.c(10): warning:  #177-D: variable "wifi_chan_shift" was declared but never referenced
src\wificontroller.c(11): warning:  #177-D: variable "wifi_chan_mask" was declared but never referenced
Target not created
Load "E:\\C++\\AR\\afrodevices-read-only\\baseflight\\obj\\baseflight.AXF" 
_____^
*** error 56: cannot open file
Build target 'STM32'
compiling wificontroller.c...
src\wificontroller.c(10): warning:  #177-D: variable "wifi_chan_shift" was declared but never referenced
src\wificontroller.c(11): warning:  #177-D: variable "wifi_chan_mask" was declared but never referenced
linking...
Program Size: Code=55116 RO-data=3612 RW-data=1040 ZI-data=5760  
FromELF: creating hex file...
".\obj\baseflight.axf" - 0 Error(s), 2 Warning(s).
Load "E:\\C++\\AR\\afrodevices-read-only\\baseflight\\obj\\baseflight.AXF" 
* JLink Info: Device "STM32F103CB" selected (128 KB flash, 20 KB RAM).
Set JLink Project File to "E:\C++\AR\afrodevices-read-only\baseflight\JLinkSettings.ini"
 
JLink info:
------------
DLL: V4.36l, compiled Dec  2 2011 18:52:36
Firmware: J-Link ARM V8 compiled Dec  6 2011 18:57:44
Hardware: V8.00
S/N : 20100214 
Feature(s) : RDI,FlashDL,FlashBP,JFlash,GDBFull 
 
* JLink Info: TotalIRLen = 9, IRPrint = 0x0011
* JLink Info: Found Cortex-M3 r1p1, Little endian.
* JLink Info: TPIU fitted.
* JLink Info:   FPUnit: 6 code (BP) slots and 2 literal slots
ROMTableAddr = 0xE00FF003
* JLink Info: TotalIRLen = 9, IRPrint = 0x0011
* JLink Info: Found Cortex-M3 r1p1, Little endian.
* JLink Info: TPIU fitted.
* JLink Info:   FPUnit: 6 code (BP) slots and 2 literal slots
* JLink Info: Found Cortex-M3 r1p1, Little endian.
* JLink Info: TPIU fitted.
* JLink Info:   FPUnit: 6 code (BP) slots and 2 literal slots
 
Target info:
------------
Device: STM32F103CB
VTarget = 3.293V
State of Pins: 
TCK: 1, TDI: 0, TDO: 1, TMS: 0, TRES: 1, TRST: 1
Hardware-Breakpoints: 6
Software-Breakpoints: 8192
Watchpoints:          4
JTAG speed: 2000 kHz
 
Erase Done.
Programming Done.
Verify OK.
* JLink Info: TotalIRLen = 9, IRPrint = 0x0011
* JLink Info: Found Cortex-M3 r1p1, Little endian.
* JLink Info: TPIU fitted.
* JLink Info:   FPUnit: 6 code (BP) slots and 2 literal slots
* JLink Info: Found Cortex-M3 r1p1, Little endian.
* JLink Info: TPIU fitted.
* JLink Info:   FPUnit: 6 code (BP) slots and 2 literal slots
Application running ...
Build target 'STM32'
compiling wificontroller.c...
src\wificontroller.c(10): warning:  #177-D: variable "wifi_chan_shift" was declared but never referenced
src\wificontroller.c(11): warning:  #177-D: variable "wifi_chan_mask" was declared but never referenced
linking...
Program Size: Code=55112 RO-data=3616 RW-data=1040 ZI-data=5760  
FromELF: creating hex file...
".\obj\baseflight.axf" - 0 Error(s), 2 Warning(s).
Load "E:\\C++\\AR\\afrodevices-read-only\\baseflight\\obj\\baseflight.AXF" 
* JLink Info: Device "STM32F103CB" selected (128 KB flash, 20 KB RAM).
Set JLink Project File to "E:\C++\AR\afrodevices-read-only\baseflight\JLinkSettings.ini"
 
JLink info:
------------
DLL: V4.36l, compiled Dec  2 2011 18:52:36
Firmware: J-Link ARM V8 compiled Dec  6 2011 18:57:44
Hardware: V8.00
S/N : 20100214 
Feature(s) : RDI,FlashDL,FlashBP,JFlash,GDBFull 
 
* JLink Info: TotalIRLen = 9, IRPrint = 0x0011
* JLink Info: Found Cortex-M3 r1p1, Little endian.
* JLink Info: TPIU fitted.
* JLink Info:   FPUnit: 6 code (BP) slots and 2 literal slots
ROMTableAddr = 0xE00FF003
* JLink Info: TotalIRLen = 9, IRPrint = 0x0011
* JLink Info: Found Cortex-M3 r1p1, Little endian.
* JLink Info: TPIU fitted.
* JLink Info:   FPUnit: 6 code (BP) slots and 2 literal slots
* JLink Info: Found Cortex-M3 r1p1, Little endian.
* JLink Info: TPIU fitted.
* JLink Info:   FPUnit: 6 code (BP) slots and 2 literal slots
 
Target info:
------------
Device: STM32F103CB
VTarget = 3.293V
State of Pins: 
TCK: 1, TDI: 0, TDO: 1, TMS: 0, TRES: 1, TRST: 1
Hardware-Breakpoints: 6
Software-Breakpoints: 8192
Watchpoints:          4
JTAG speed: 2000 kHz
 
Erase Done.
Programming Done.
Verify OK.
* JLink Info: TotalIRLen = 9, IRPrint = 0x0011
* JLink Info: Found Cortex-M3 r1p1, Little endian.
* JLink Info: TPIU fitted.
* JLink Info:   FPUnit: 6 code (BP) slots and 2 literal slots
* JLink Info: Found Cortex-M3 r1p1, Little endian.
* JLink Info: TPIU fitted.
* JLink Info:   FPUnit: 6 code (BP) slots and 2 literal slots
Application running ...
Build target 'STM32'
compiling wificontroller.c...
src\wificontroller.c(94): warning:  #111-D: statement is unreachable
src\wificontroller.c(10): warning:  #177-D: variable "wifi_chan_shift" was declared but never referenced
src\wificontroller.c(11): warning:  #177-D: variable "wifi_chan_mask" was declared but never referenced
linking...
Program Size: Code=54988 RO-data=3612 RW-data=1040 ZI-data=5760  
FromELF: creating hex file...
".\obj\baseflight.axf" - 0 Error(s), 3 Warning(s).
Load "E:\\C++\\AR\\afrodevices-read-only\\baseflight\\obj\\baseflight.AXF" 
* JLink Info: Device "STM32F103CB" selected (128 KB flash, 20 KB RAM).
Set JLink Project File to "E:\C++\AR\afrodevices-read-only\baseflight\JLinkSettings.ini"
 
JLink info:
------------
DLL: V4.36l, compiled Dec  2 2011 18:52:36
Firmware: J-Link ARM V8 compiled Dec  6 2011 18:57:44
Hardware: V8.00
S/N : 20100214 
Feature(s) : RDI,FlashDL,FlashBP,JFlash,GDBFull 
 
* JLink Info: TotalIRLen = 9, IRPrint = 0x0011
* JLink Info: Found Cortex-M3 r1p1, Little endian.
* JLink Info: TPIU fitted.
* JLink Info:   FPUnit: 6 code (BP) slots and 2 literal slots
ROMTableAddr = 0xE00FF003
* JLink Info: TotalIRLen = 9, IRPrint = 0x0011
* JLink Info: Found Cortex-M3 r1p1, Little endian.
* JLink Info: TPIU fitted.
* JLink Info:   FPUnit: 6 code (BP) slots and 2 literal slots
* JLink Info: Found Cortex-M3 r1p1, Little endian.
* JLink Info: TPIU fitted.
* JLink Info:   FPUnit: 6 code (BP) slots and 2 literal slots
 
Target info:
------------
Device: STM32F103CB
VTarget = 3.293V
State of Pins: 
TCK: 1, TDI: 0, TDO: 1, TMS: 0, TRES: 1, TRST: 1
Hardware-Breakpoints: 6
Software-Breakpoints: 8192
Watchpoints:          4
JTAG speed: 2000 kHz
 
Erase Done.
Programming Done.
Verify OK.
* JLink Info: TotalIRLen = 9, IRPrint = 0x0011
* JLink Info: Found Cortex-M3 r1p1, Little endian.
* JLink Info: TPIU fitted.
* JLink Info:   FPUnit: 6 code (BP) slots and 2 literal slots
* JLink Info: Found Cortex-M3 r1p1, Little endian.
* JLink Info: TPIU fitted.
* JLink Info:   FPUnit: 6 code (BP) slots and 2 literal slots
Application running ...
Build target 'STM32'
compiling wificontroller.c...
src\wificontroller.c(94): warning:  #111-D: statement is unreachable
src\wificontroller.c(10): warning:  #177-D: variable "wifi_chan_shift" was declared but never referenced
src\wificontroller.c(11): warning:  #177-D: variable "wifi_chan_mask" was declared but never referenced
linking...
Program Size: Code=54984 RO-data=3616 RW-data=1040 ZI-data=5760  
FromELF: creating hex file...
".\obj\baseflight.axf" - 0 Error(s), 3 Warning(s).
Load "E:\\C++\\AR\\afrodevices-read-only\\baseflight\\obj\\baseflight.AXF" 
* JLink Info: Device "STM32F103CB" selected (128 KB flash, 20 KB RAM).
Set JLink Project File to "E:\C++\AR\afrodevices-read-only\baseflight\JLinkSettings.ini"
 
JLink info:
------------
DLL: V4.36l, compiled Dec  2 2011 18:52:36
Firmware: J-Link ARM V8 compiled Dec  6 2011 18:57:44
Hardware: V8.00
S/N : 20100214 
Feature(s) : RDI,FlashDL,FlashBP,JFlash,GDBFull 
 
* JLink Info: TotalIRLen = 9, IRPrint = 0x0011
* JLink Info: Found Cortex-M3 r1p1, Little endian.
* JLink Info: TPIU fitted.
* JLink Info:   FPUnit: 6 code (BP) slots and 2 literal slots
ROMTableAddr = 0xE00FF003
* JLink Info: TotalIRLen = 9, IRPrint = 0x0011
* JLink Info: Found Cortex-M3 r1p1, Little endian.
* JLink Info: TPIU fitted.
* JLink Info:   FPUnit: 6 code (BP) slots and 2 literal slots
* JLink Info: Found Cortex-M3 r1p1, Little endian.
* JLink Info: TPIU fitted.
* JLink Info:   FPUnit: 6 code (BP) slots and 2 literal slots
 
Target info:
------------
Device: STM32F103CB
VTarget = 3.293V
State of Pins: 
TCK: 1, TDI: 0, TDO: 1, TMS: 0, TRES: 1, TRST: 1
Hardware-Breakpoints: 6
Software-Breakpoints: 8192
Watchpoints:          4
JTAG speed: 2000 kHz
 
Erase Done.
Programming Done.
Verify OK.
* JLink Info: TotalIRLen = 9, IRPrint = 0x0011
* JLink Info: Found Cortex-M3 r1p1, Little endian.
* JLink Info: TPIU fitted.
* JLink Info:   FPUnit: 6 code (BP) slots and 2 literal slots
* JLink Info: Found Cortex-M3 r1p1, Little endian.
* JLink Info: TPIU fitted.
* JLink Info:   FPUnit: 6 code (BP) slots and 2 literal slots
Application running ...
Load "E:\\C++\\AR\\afrodevices-read-only\\baseflight\\obj\\baseflight.AXF" 
* JLink Info: Device "STM32F103CB" selected (128 KB flash, 20 KB RAM).
Set JLink Project File to "E:\C++\AR\afrodevices-read-only\baseflight\JLinkSettings.ini"
 
JLink info:
------------
DLL: V4.36l, compiled Dec  2 2011 18:52:36
Firmware: J-Link ARM V8 compiled Dec  6 2011 18:57:44
Hardware: V8.00
S/N : 20100214 
Feature(s) : RDI,FlashDL,FlashBP,JFlash,GDBFull 
 
* JLink Info: TotalIRLen = 9, IRPrint = 0x0011
* JLink Info: Found Cortex-M3 r1p1, Little endian.
* JLink Info: TPIU fitted.
* JLink Info:   FPUnit: 6 code (BP) slots and 2 literal slots
ROMTableAddr = 0xE00FF003
* JLink Info: TotalIRLen = 9, IRPrint = 0x0011
* JLink Info: Found Cortex-M3 r1p1, Little endian.
* JLink Info: TPIU fitted.
* JLink Info:   FPUnit: 6 code (BP) slots and 2 literal slots
* JLink Info: Found Cortex-M3 r1p1, Little endian.
* JLink Info: TPIU fitted.
* JLink Info:   FPUnit: 6 code (BP) slots and 2 literal slots
 
Target info:
------------
Device: STM32F103CB
VTarget = 3.293V
State of Pins: 
TCK: 1, TDI: 0, TDO: 1, TMS: 0, TRES: 1, TRST: 1
Hardware-Breakpoints: 6
Software-Breakpoints: 8192
Watchpoints:          4
JTAG speed: 2000 kHz
 
Erase Done.
Programming Done.
Verify OK.
* JLink Info: TotalIRLen = 9, IRPrint = 0x0011
* JLink Info: Found Cortex-M3 r1p1, Little endian.
* JLink Info: TPIU fitted.
* JLink Info:   FPUnit: 6 code (BP) slots and 2 literal slots
* JLink Info: Found Cortex-M3 r1p1, Little endian.
* JLink Info: TPIU fitted.
* JLink Info:   FPUnit: 6 code (BP) slots and 2 literal slots
Application running ...
Build target 'STM32'
compiling wificontroller.c...
src\wificontroller.c(10): warning:  #177-D: variable "wifi_chan_shift" was declared but never referenced
src\wificontroller.c(11): warning:  #177-D: variable "wifi_chan_mask" was declared but never referenced
linking...
Program Size: Code=55112 RO-data=3616 RW-data=1040 ZI-data=5760  
FromELF: creating hex file...
".\obj\baseflight.axf" - 0 Error(s), 2 Warning(s).
Load "E:\\C++\\AR\\afrodevices-read-only\\baseflight\\obj\\baseflight.AXF" 
* JLink Info: Device "STM32F103CB" selected (128 KB flash, 20 KB RAM).
Set JLink Project File to "E:\C++\AR\afrodevices-read-only\baseflight\JLinkSettings.ini"
 
JLink info:
------------
DLL: V4.36l, compiled Dec  2 2011 18:52:36
Firmware: J-Link ARM V8 compiled Dec  6 2011 18:57:44
Hardware: V8.00
S/N : 20100214 
Feature(s) : RDI,FlashDL,FlashBP,JFlash,GDBFull 
 
* JLink Info: TotalIRLen = 9, IRPrint = 0x0011
* JLink Info: Found Cortex-M3 r1p1, Little endian.
* JLink Info: TPIU fitted.
* JLink Info:   FPUnit: 6 code (BP) slots and 2 literal slots
ROMTableAddr = 0xE00FF003
* JLink Info: TotalIRLen = 9, IRPrint = 0x0011
* JLink Info: Found Cortex-M3 r1p1, Little endian.
* JLink Info: TPIU fitted.
* JLink Info:   FPUnit: 6 code (BP) slots and 2 literal slots
* JLink Info: Found Cortex-M3 r1p1, Little endian.
* JLink Info: TPIU fitted.
* JLink Info:   FPUnit: 6 code (BP) slots and 2 literal slots
 
Target info:
------------
Device: STM32F103CB
VTarget = 3.293V
State of Pins: 
TCK: 1, TDI: 0, TDO: 1, TMS: 0, TRES: 1, TRST: 1
Hardware-Breakpoints: 6
Software-Breakpoints: 8192
Watchpoints:          4
JTAG speed: 2000 kHz
 
Erase Done.
Programming Done.
Verify OK.
* JLink Info: TotalIRLen = 9, IRPrint = 0x0011
* JLink Info: Found Cortex-M3 r1p1, Little endian.
* JLink Info: TPIU fitted.
* JLink Info:   FPUnit: 6 code (BP) slots and 2 literal slots
* JLink Info: Found Cortex-M3 r1p1, Little endian.
* JLink Info: TPIU fitted.
* JLink Info:   FPUnit: 6 code (BP) slots and 2 literal slots
Application running ...
Build target 'STM32'
compiling wificontroller.c...
src\wificontroller.c(10): warning:  #177-D: variable "wifi_chan_shift" was declared but never referenced
src\wificontroller.c(11): warning:  #177-D: variable "wifi_chan_mask" was declared but never referenced
linking...
Program Size: Code=55104 RO-data=3616 RW-data=1040 ZI-data=5760  
FromELF: creating hex file...
".\obj\baseflight.axf" - 0 Error(s), 2 Warning(s).
Load "E:\\C++\\AR\\afrodevices-read-only\\baseflight\\obj\\baseflight.AXF" 
* JLink Info: Device "STM32F103CB" selected (128 KB flash, 20 KB RAM).
Set JLink Project File to "E:\C++\AR\afrodevices-read-only\baseflight\JLinkSettings.ini"
 
JLink info:
------------
DLL: V4.36l, compiled Dec  2 2011 18:52:36
Firmware: J-Link ARM V8 compiled Dec  6 2011 18:57:44
Hardware: V8.00
S/N : 20100214 
Feature(s) : RDI,FlashDL,FlashBP,JFlash,GDBFull 
 
* JLink Info: Could not measure total IR len. TDO is constant high.
Load "E:\\C++\\AR\\afrodevices-read-only\\baseflight\\obj\\baseflight.AXF" 
* JLink Info: Device "STM32F103CB" selected (128 KB flash, 20 KB RAM).
Set JLink Project File to "E:\C++\AR\afrodevices-read-only\baseflight\JLinkSettings.ini"
 
JLink info:
------------
DLL: V4.36l, compiled Dec  2 2011 18:52:36
Firmware: J-Link ARM V8 compiled Dec  6 2011 18:57:44
Hardware: V8.00
S/N : 20100214 
Feature(s) : RDI,FlashDL,FlashBP,JFlash,GDBFull 
 
* JLink Info: TotalIRLen = 9, IRPrint = 0x0011
* JLink Info: Found Cortex-M3 r1p1, Little endian.
* JLink Info: TPIU fitted.
* JLink Info:   FPUnit: 6 code (BP) slots and 2 literal slots
ROMTableAddr = 0xE00FF003
* JLink Info: TotalIRLen = 9, IRPrint = 0x0011
* JLink Info: Found Cortex-M3 r1p1, Little endian.
* JLink Info: TPIU fitted.
* JLink Info:   FPUnit: 6 code (BP) slots and 2 literal slots
* JLink Info: Found Cortex-M3 r1p1, Little endian.
* JLink Info: TPIU fitted.
* JLink Info:   FPUnit: 6 code (BP) slots and 2 literal slots
 
Target info:
------------
Device: STM32F103CB
VTarget = 3.293V
State of Pins: 
TCK: 1, TDI: 0, TDO: 1, TMS: 0, TRES: 1, TRST: 1
Hardware-Breakpoints: 6
Software-Breakpoints: 8192
Watchpoints:          4
JTAG speed: 2000 kHz
 
Erase Done.
Programming Done.
Verify OK.
* JLink Info: TotalIRLen = 9, IRPrint = 0x0011
* JLink Info: Found Cortex-M3 r1p1, Little endian.
* JLink Info: TPIU fitted.
* JLink Info:   FPUnit: 6 code (BP) slots and 2 literal slots
* JLink Info: Found Cortex-M3 r1p1, Little endian.
* JLink Info: TPIU fitted.
* JLink Info:   FPUnit: 6 code (BP) slots and 2 literal slots
Application running ...
Build target 'STM32'
compiling wificontroller.c...
src\wificontroller.c(10): warning:  #177-D: variable "wifi_chan_shift" was declared but never referenced
src\wificontroller.c(11): warning:  #177-D: variable "wifi_chan_mask" was declared but never referenced
linking...
Program Size: Code=55112 RO-data=3616 RW-data=1040 ZI-data=5760  
FromELF: creating hex file...
".\obj\baseflight.axf" - 0 Error(s), 2 Warning(s).
Load "E:\\C++\\AR\\afrodevices-read-only\\baseflight\\obj\\baseflight.AXF" 
* JLink Info: Device "STM32F103CB" selected (128 KB flash, 20 KB RAM).
Set JLink Project File to "E:\C++\AR\afrodevices-read-only\baseflight\JLinkSettings.ini"
 
JLink info:
------------
DLL: V4.36l, compiled Dec  2 2011 18:52:36
Firmware: J-Link ARM V8 compiled Dec  6 2011 18:57:44
Hardware: V8.00
S/N : 20100214 
Feature(s) : RDI,FlashDL,FlashBP,JFlash,GDBFull 
 
* JLink Info: Could not measure total IR len. TDO is constant high.
Load "E:\\C++\\AR\\afrodevices-read-only\\baseflight\\obj\\baseflight.AXF" 
* JLink Info: Device "STM32F103CB" selected (128 KB flash, 20 KB RAM).
Set JLink Project File to "E:\C++\AR\afrodevices-read-only\baseflight\JLinkSettings.ini"
 
JLink info:
------------
DLL: V4.36l, compiled Dec  2 2011 18:52:36
Firmware: J-Link ARM V8 compiled Dec  6 2011 18:57:44
Hardware: V8.00
S/N : 20100214 
Feature(s) : RDI,FlashDL,FlashBP,JFlash,GDBFull 
 
* JLink Info: TotalIRLen = 9, IRPrint = 0x0011
* JLink Info: Found Cortex-M3 r1p1, Little endian.
* JLink Info: TPIU fitted.
* JLink Info:   FPUnit: 6 code (BP) slots and 2 literal slots
ROMTableAddr = 0xE00FF003
* JLink Info: TotalIRLen = 9, IRPrint = 0x0011
* JLink Info: Found Cortex-M3 r1p1, Little endian.
* JLink Info: TPIU fitted.
* JLink Info:   FPUnit: 6 code (BP) slots and 2 literal slots
* JLink Info: Found Cortex-M3 r1p1, Little endian.
* JLink Info: TPIU fitted.
* JLink Info:   FPUnit: 6 code (BP) slots and 2 literal slots
 
Target info:
------------
Device: STM32F103CB
VTarget = 3.293V
State of Pins: 
TCK: 1, TDI: 0, TDO: 1, TMS: 0, TRES: 1, TRST: 1
Hardware-Breakpoints: 6
Software-Breakpoints: 8192
Watchpoints:          4
JTAG speed: 2000 kHz
 
Erase Done.
Programming Done.
Verify OK.
* JLink Info: TotalIRLen = 9, IRPrint = 0x0011
* JLink Info: Found Cortex-M3 r1p1, Little endian.
* JLink Info: TPIU fitted.
* JLink Info:   FPUnit: 6 code (BP) slots and 2 literal slots
* JLink Info: Found Cortex-M3 r1p1, Little endian.
* JLink Info: TPIU fitted.
* JLink Info:   FPUnit: 6 code (BP) slots and 2 literal slots
Application running ...
Load "E:\\C++\\AR\\afrodevices-read-only\\baseflight\\obj\\baseflight.AXF" 
* JLink Info: Device "STM32F103CB" selected (128 KB flash, 20 KB RAM).
Set JLink Project File to "E:\C++\AR\afrodevices-read-only\baseflight\JLinkSettings.ini"
 
JLink info:
------------
DLL: V4.36l, compiled Dec  2 2011 18:52:36
Firmware: J-Link ARM V8 compiled Dec  6 2011 18:57:44
Hardware: V8.00
S/N : 20100214 
Feature(s) : RDI,FlashDL,FlashBP,JFlash,GDBFull 
 
* JLink Info: Could not measure total IR len. TDO is constant high.
Load "E:\\C++\\AR\\afrodevices-read-only\\baseflight\\obj\\baseflight.AXF" 
* JLink Info: Device "STM32F103CB" selected (128 KB flash, 20 KB RAM).
Set JLink Project File to "E:\C++\AR\afrodevices-read-only\baseflight\JLinkSettings.ini"
 
JLink info:
------------
DLL: V4.36l, compiled Dec  2 2011 18:52:36
Firmware: J-Link ARM V8 compiled Dec  6 2011 18:57:44
Hardware: V8.00
S/N : 20100214 
Feature(s) : RDI,FlashDL,FlashBP,JFlash,GDBFull 
 
* JLink Info: TotalIRLen = 9, IRPrint = 0x0011
* JLink Info: Found Cortex-M3 r1p1, Little endian.
* JLink Info: TPIU fitted.
* JLink Info:   FPUnit: 6 code (BP) slots and 2 literal slots
ROMTableAddr = 0xE00FF003
* JLink Info: TotalIRLen = 9, IRPrint = 0x0011
* JLink Info: Found Cortex-M3 r1p1, Little endian.
* JLink Info: TPIU fitted.
* JLink Info:   FPUnit: 6 code (BP) slots and 2 literal slots
* JLink Info: Found Cortex-M3 r1p1, Little endian.
* JLink Info: TPIU fitted.
* JLink Info:   FPUnit: 6 code (BP) slots and 2 literal slots
 
Target info:
------------
Device: STM32F103CB
VTarget = 3.293V
State of Pins: 
TCK: 1, TDI: 0, TDO: 1, TMS: 0, TRES: 1, TRST: 1
Hardware-Breakpoints: 6
Software-Breakpoints: 8192
Watchpoints:          4
JTAG speed: 2000 kHz
 
Erase Done.
Programming Done.
Verify OK.
* JLink Info: TotalIRLen = 9, IRPrint = 0x0011
* JLink Info: Found Cortex-M3 r1p1, Little endian.
* JLink Info: TPIU fitted.
* JLink Info:   FPUnit: 6 code (BP) slots and 2 literal slots
* JLink Info: Found Cortex-M3 r1p1, Little endian.
* JLink Info: TPIU fitted.
* JLink Info:   FPUnit: 6 code (BP) slots and 2 literal slots
Application running ...
Build target 'STM32'
linking...
Program Size: Code=55112 RO-data=3616 RW-data=1040 ZI-data=5760  
FromELF: creating hex file...
".\obj\baseflight.axf" - 0 Error(s), 0 Warning(s).
Build target 'STM32'
compiling wificontroller.c...
src\wificontroller.c(10): warning:  #177-D: variable "wifi_chan_shift" was declared but never referenced
src\wificontroller.c(11): warning:  #177-D: variable "wifi_chan_mask" was declared but never referenced
linking...
Program Size: Code=55104 RO-data=3616 RW-data=1040 ZI-data=5760  
FromELF: creating hex file...
".\obj\baseflight.axf" - 0 Error(s), 2 Warning(s).
Load "E:\\C++\\AR\\afrodevices-read-only\\baseflight\\obj\\baseflight.AXF" 
* JLink Info: Device "STM32F103CB" selected (128 KB flash, 20 KB RAM).
Set JLink Project File to "E:\C++\AR\afrodevices-read-only\baseflight\JLinkSettings.ini"
 
JLink info:
------------
DLL: V4.36l, compiled Dec  2 2011 18:52:36
Firmware: J-Link ARM V8 compiled Dec  6 2011 18:57:44
Hardware: V8.00
S/N : 20100214 
Feature(s) : RDI,FlashDL,FlashBP,JFlash,GDBFull 
 
* JLink Info: TotalIRLen = 9, IRPrint = 0x0011
* JLink Info: Found Cortex-M3 r1p1, Little endian.
* JLink Info: TPIU fitted.
* JLink Info:   FPUnit: 6 code (BP) slots and 2 literal slots
ROMTableAddr = 0xE00FF003
* JLink Info: TotalIRLen = 9, IRPrint = 0x0011
* JLink Info: Found Cortex-M3 r1p1, Little endian.
* JLink Info: TPIU fitted.
* JLink Info:   FPUnit: 6 code (BP) slots and 2 literal slots
* JLink Info: Found Cortex-M3 r1p1, Little endian.
* JLink Info: TPIU fitted.
* JLink Info:   FPUnit: 6 code (BP) slots and 2 literal slots
 
Target info:
------------
Device: STM32F103CB
VTarget = 3.293V
State of Pins: 
TCK: 1, TDI: 0, TDO: 1, TMS: 0, TRES: 1, TRST: 1
Hardware-Breakpoints: 6
Software-Breakpoints: 8192
Watchpoints:          4
JTAG speed: 2000 kHz
 
Erase Done.
Programming Done.
Verify OK.
* JLink Info: TotalIRLen = 9, IRPrint = 0x0011
* JLink Info: Found Cortex-M3 r1p1, Little endian.
* JLink Info: TPIU fitted.
* JLink Info:   FPUnit: 6 code (BP) slots and 2 literal slots
* JLink Info: Found Cortex-M3 r1p1, Little endian.
* JLink Info: TPIU fitted.
* JLink Info:   FPUnit: 6 code (BP) slots and 2 literal slots
Application running ...
Build target 'STM32'
compiling wificontroller.c...
src\wificontroller.c(10): warning:  #177-D: variable "wifi_chan_shift" was declared but never referenced
src\wificontroller.c(11): warning:  #177-D: variable "wifi_chan_mask" was declared but never referenced
linking...
Program Size: Code=55112 RO-data=3616 RW-data=1040 ZI-data=5760  
FromELF: creating hex file...
".\obj\baseflight.axf" - 0 Error(s), 2 Warning(s).
Load "E:\\C++\\AR\\afrodevices-read-only\\baseflight\\obj\\baseflight.AXF" 
* JLink Info: Device "STM32F103CB" selected (128 KB flash, 20 KB RAM).
Set JLink Project File to "E:\C++\AR\afrodevices-read-only\baseflight\JLinkSettings.ini"
 
JLink info:
------------
DLL: V4.36l, compiled Dec  2 2011 18:52:36
Firmware: J-Link ARM V8 compiled Dec  6 2011 18:57:44
Hardware: V8.00
S/N : 20100214 
Feature(s) : RDI,FlashDL,FlashBP,JFlash,GDBFull 
 
* JLink Info: Could not measure total IR len. TDO is constant high.
Load "E:\\C++\\AR\\afrodevices-read-only\\baseflight\\obj\\baseflight.AXF" 
* JLink Info: Device "STM32F103CB" selected (128 KB flash, 20 KB RAM).
Set JLink Project File to "E:\C++\AR\afrodevices-read-only\baseflight\JLinkSettings.ini"
 
JLink info:
------------
DLL: V4.36l, compiled Dec  2 2011 18:52:36
Firmware: J-Link ARM V8 compiled Dec  6 2011 18:57:44
Hardware: V8.00
S/N : 20100214 
Feature(s) : RDI,FlashDL,FlashBP,JFlash,GDBFull 
 
* JLink Info: TotalIRLen = 9, IRPrint = 0x0011
* JLink Info: Found Cortex-M3 r1p1, Little endian.
* JLink Info: TPIU fitted.
* JLink Info:   FPUnit: 6 code (BP) slots and 2 literal slots
ROMTableAddr = 0xE00FF003
* JLink Info: TotalIRLen = 9, IRPrint = 0x0011
* JLink Info: Found Cortex-M3 r1p1, Little endian.
* JLink Info: TPIU fitted.
* JLink Info:   FPUnit: 6 code (BP) slots and 2 literal slots
* JLink Info: Found Cortex-M3 r1p1, Little endian.
* JLink Info: TPIU fitted.
* JLink Info:   FPUnit: 6 code (BP) slots and 2 literal slots
 
Target info:
------------
Device: STM32F103CB
VTarget = 3.293V
State of Pins: 
TCK: 1, TDI: 0, TDO: 1, TMS: 0, TRES: 1, TRST: 1
Hardware-Breakpoints: 6
Software-Breakpoints: 8192
Watchpoints:          4
JTAG speed: 2000 kHz
 
Erase Done.
Programming Done.
Verify OK.
* JLink Info: TotalIRLen = 9, IRPrint = 0x0011
* JLink Info: Found Cortex-M3 r1p1, Little endian.
* JLink Info: TPIU fitted.
* JLink Info:   FPUnit: 6 code (BP) slots and 2 literal slots
* JLink Info: Found Cortex-M3 r1p1, Little endian.
* JLink Info: TPIU fitted.
* JLink Info:   FPUnit: 6 code (BP) slots and 2 literal slots
Application running ...
Build target 'STM32'
compiling wificontroller.c...
src\wificontroller.c(10): warning:  #177-D: variable "wifi_chan_shift" was declared but never referenced
src\wificontroller.c(11): warning:  #177-D: variable "wifi_chan_mask" was declared but never referenced
linking...
Program Size: Code=55104 RO-data=3616 RW-data=1040 ZI-data=5760  
FromELF: creating hex file...
".\obj\baseflight.axf" - 0 Error(s), 2 Warning(s).
Load "E:\\C++\\AR\\afrodevices-read-only\\baseflight\\obj\\baseflight.AXF" 
* JLink Info: Device "STM32F103CB" selected (128 KB flash, 20 KB RAM).
Set JLink Project File to "E:\C++\AR\afrodevices-read-only\baseflight\JLinkSettings.ini"
 
JLink info:
------------
DLL: V4.36l, compiled Dec  2 2011 18:52:36
Firmware: J-Link ARM V8 compiled Dec  6 2011 18:57:44
Hardware: V8.00
S/N : 20100214 
Feature(s) : RDI,FlashDL,FlashBP,JFlash,GDBFull 
 
* JLink Info: TotalIRLen = 9, IRPrint = 0x0011
* JLink Info: Found Cortex-M3 r1p1, Little endian.
* JLink Info: TPIU fitted.
* JLink Info:   FPUnit: 6 code (BP) slots and 2 literal slots
ROMTableAddr = 0xE00FF003
* JLink Info: TotalIRLen = 9, IRPrint = 0x0011
* JLink Info: Found Cortex-M3 r1p1, Little endian.
* JLink Info: TPIU fitted.
* JLink Info:   FPUnit: 6 code (BP) slots and 2 literal slots
* JLink Info: Found Cortex-M3 r1p1, Little endian.
* JLink Info: TPIU fitted.
* JLink Info:   FPUnit: 6 code (BP) slots and 2 literal slots
 
Target info:
------------
Device: STM32F103CB
VTarget = 3.293V
State of Pins: 
TCK: 1, TDI: 0, TDO: 1, TMS: 0, TRES: 1, TRST: 1
Hardware-Breakpoints: 6
Software-Breakpoints: 8192
Watchpoints:          4
JTAG speed: 2000 kHz
 
Erase Done.
Programming Done.
Verify OK.
* JLink Info: TotalIRLen = 9, IRPrint = 0x0011
* JLink Info: Found Cortex-M3 r1p1, Little endian.
* JLink Info: TPIU fitted.
* JLink Info:   FPUnit: 6 code (BP) slots and 2 literal slots
* JLink Info: Found Cortex-M3 r1p1, Little endian.
* JLink Info: TPIU fitted.
* JLink Info:   FPUnit: 6 code (BP) slots and 2 literal slots
Application running ...
Build target 'STM32'
linking...
Program Size: Code=55104 RO-data=3616 RW-data=1040 ZI-data=5760  
FromELF: creating hex file...
".\obj\baseflight.axf" - 0 Error(s), 0 Warning(s).
Load "E:\\C++\\AR\\afrodevices-read-only\\baseflight\\obj\\baseflight.AXF" 
* JLink Info: Device "STM32F103CB" selected (128 KB flash, 20 KB RAM).
Set JLink Project File to "E:\C++\AR\afrodevices-read-only\baseflight\JLinkSettings.ini"
 
JLink info:
------------
DLL: V4.36l, compiled Dec  2 2011 18:52:36
Firmware: J-Link ARM V8 compiled Dec  6 2011 18:57:44
Hardware: V8.00
S/N : 20100214 
Feature(s) : RDI,FlashDL,FlashBP,JFlash,GDBFull 
 
* JLink Info: Could not measure total IR len. TDO is constant high.
Load "E:\\C++\\AR\\afrodevices-read-only\\baseflight\\obj\\baseflight.AXF" 
* JLink Info: Device "STM32F103CB" selected (128 KB flash, 20 KB RAM).
Set JLink Project File to "E:\C++\AR\afrodevices-read-only\baseflight\JLinkSettings.ini"
 
JLink info:
------------
DLL: V4.36l, compiled Dec  2 2011 18:52:36
Firmware: J-Link ARM V8 compiled Dec  6 2011 18:57:44
Hardware: V8.00
S/N : 20100214 
Feature(s) : RDI,FlashDL,FlashBP,JFlash,GDBFull 
 
* JLink Info: TotalIRLen = 9, IRPrint = 0x0011
* JLink Info: Found Cortex-M3 r1p1, Little endian.
* JLink Info: TPIU fitted.
* JLink Info:   FPUnit: 6 code (BP) slots and 2 literal slots
ROMTableAddr = 0xE00FF003
* JLink Info: TotalIRLen = 9, IRPrint = 0x0011
* JLink Info: Found Cortex-M3 r1p1, Little endian.
* JLink Info: TPIU fitted.
* JLink Info:   FPUnit: 6 code (BP) slots and 2 literal slots
* JLink Info: Found Cortex-M3 r1p1, Little endian.
* JLink Info: TPIU fitted.
* JLink Info:   FPUnit: 6 code (BP) slots and 2 literal slots
 
Target info:
------------
Device: STM32F103CB
VTarget = 3.293V
State of Pins: 
TCK: 1, TDI: 0, TDO: 1, TMS: 0, TRES: 1, TRST: 1
Hardware-Breakpoints: 6
Software-Breakpoints: 8192
Watchpoints:          4
JTAG speed: 2000 kHz
 
Erase Done.
Programming Done.
Verify OK.
* JLink Info: TotalIRLen = 9, IRPrint = 0x0011
* JLink Info: Found Cortex-M3 r1p1, Little endian.
* JLink Info: TPIU fitted.
* JLink Info:   FPUnit: 6 code (BP) slots and 2 literal slots
* JLink Info: Found Cortex-M3 r1p1, Little endian.
* JLink Info: TPIU fitted.
* JLink Info:   FPUnit: 6 code (BP) slots and 2 literal slots
Application running ...
