ARM Linker, 4.1 [Build 894] [Standard]

==============================================================================

Section Cross References

    cli.o(.text) refers to drv_uart.o(.text) for uartPrint
    cli.o(.text) refers to strlen.o(.text) for strlen
    cli.o(.text) refers to strncasecmp.o(.text) for strncasecmp
    cli.o(.text) refers to config.o(.text) for checkFirstTime
    cli.o(.text) refers to drv_system.o(.text) for delay
    cli.o(.text) refers to memseta.o(.text) for __aeabi_memclr
    cli.o(.text) refers to toupper.o(.text) for toupper
    cli.o(.text) refers to strchr.o(.text) for strchr
    cli.o(.text) refers to cli.o(.bss) for cliBuffer
    cli.o(.text) refers to cli.o(.data) for bufferIndex
    cli.o(.text) refers to serial.o(.data) for cliMode
    cli.o(.text) refers to cli.o(.constdata) for cmdTable
    cli.o(.text) refers to config.o(.constdata) for rcChannelLetters
    cli.o(.text) refers to config.o(.bss) for cfg
    cli.o(.text) refers to strstr.o(.text) for strstr
    cli.o(.text) refers to atoi.o(.text) for atoi
    cli.o(.text) refers to drv_i2c.o(.text) for i2cGetErrorCounter
    cli.o(.text) refers to bsearch.o(.text) for bsearch
    cli.o(.text) refers to mw.o(.data) for vbat
    cli.o(.text) refers to sensors.o(.data) for accHardware
    cli.o(.constdata) refers to cli.o(.conststring) for .conststring
    cli.o(.constdata) refers to cli.o(.text) for cliDefaults
    cli.o(.constdata) refers to config.o(.bss) for cfg
    cli.o(.data) refers to cli.o(.conststring) for .conststring
    config.o(.text) refers to strchr.o(.text) for strchr
    config.o(.text) refers to memcpya.o(.text) for __aeabi_memcpy4
    config.o(.text) refers to stm32f10x_flash.o(.text) for FLASH_Unlock
    config.o(.text) refers to mw.o(.text) for blinkLED
    config.o(.text) refers to config.o(.constdata) for rcChannelLetters
    config.o(.text) refers to config.o(.bss) for cfg
    config.o(.text) refers to mw.o(.bss) for lookupPitchRollRC
    config.o(.text) refers to config.o(.data) for checkNewConf
    imu.o(.text) refers to ffltui.o(.text) for __aeabi_ui2f
    imu.o(.text) refers to fmul.o(.text) for __aeabi_fmul
    imu.o(.text) refers to ffixi.o(.text) for __aeabi_f2iz
    imu.o(.text) refers to config.o(.text) for sensors
    imu.o(.text) refers to sensors.o(.text) for Mag_init
    imu.o(.text) refers to atan2f.o(i.atan2f) for atan2f
    imu.o(.text) refers to f2d.o(.text) for __aeabi_f2d
    imu.o(.text) refers to dmul.o(.text) for __aeabi_dmul
    imu.o(.text) refers to dfixi.o(.text) for __aeabi_d2iz
    imu.o(.text) refers to fadd.o(.text) for __aeabi_fadd
    imu.o(.text) refers to drv_system.o(.text) for micros
    imu.o(.text) refers to dfltui.o(.text) for __aeabi_ui2d
    imu.o(.text) refers to d2f.o(.text) for __aeabi_d2f
    imu.o(.text) refers to fflti.o(.text) for __aeabi_i2f
    imu.o(.text) refers to fdiv.o(.text) for __aeabi_fdiv
    imu.o(.text) refers to sensors.o(.data) for acc_1G
    imu.o(.text) refers to imu.o(.data) for acc_25deg
    imu.o(.text) refers to config.o(.bss) for cfg
    imu.o(.text) refers to imu.o(.bss) for accLPF
    imu.o(.text) refers to mw.o(.text) for annexCode
    imu.o(.text) refers to mw.o(.data) for annex650_overrun_count
    main.o(.text) refers to drv_pwm.o(.text) for pwmGetNumOutputChannels
    main.o(.text) refers to drv_system.o(.text) for delay
    main.o(.text) refers to config.o(.text) for readEEPROM
    main.o(.text) refers to serial.o(.text) for serialInit
    main.o(.text) refers to mixer.o(.text) for mixerInit
    main.o(.text) refers to sensors.o(.text) for sensorsAutodetect
    main.o(.text) refers to imu.o(.text) for imuInit
    main.o(.text) refers to wificontroller.o(.text) for wifiInit
    main.o(.text) refers to spektrum.o(.text) for spektrumInit
    main.o(.text) refers to gps.o(.text) for gpsInit
    main.o(.text) refers to mw.o(.text) for loop
    main.o(.text) refers to mixer.o(.data) for useServo
    main.o(.text) refers to config.o(.bss) for cfg
    main.o(.text) refers to mw.o(.data) for rcReadRawFunc
    main.o(.text) refers to sensors.o(.data) for calibratingG
    mixer.o(.text) refers to config.o(.text) for feature
    mixer.o(.text) refers to drv_pwm.o(.text) for pwmWrite
    mixer.o(.text) refers to config.o(.bss) for cfg
    mixer.o(.text) refers to mixer.o(.data) for useServo
    mixer.o(.text) refers to mixer.o(.bss) for motor
    mixer.o(.text) refers to mw.o(.data) for axisPID
    mixer.o(.text) refers to imu.o(.data) for angle
    mixer.o(.text) refers to drv_system.o(.text) for millis
    mixer.o(.text) refers to mw.o(.bss) for rcOptions
    mw.o(.text) refers to drv_system.o(.text) for delay
    mw.o(.text) refers to dflti.o(.text) for __aeabi_i2d
    mw.o(.text) refers to dmul.o(.text) for __aeabi_dmul
    mw.o(.text) refers to ddiv.o(.text) for __aeabi_ddiv
    mw.o(.text) refers to d2f.o(.text) for __aeabi_d2f
[...]
    _printf_n                                0x00000000   Number         0  stubs.o ABSOLUTE
    _printf_o                                0x00000000   Number         0  stubs.o ABSOLUTE
    _printf_p                                0x00000000   Number         0  stubs.o ABSOLUTE
    _printf_percent                          0x00000000   Number         0  stubs.o ABSOLUTE
    _printf_pre_padding                      0x00000000   Number         0  stubs.o ABSOLUTE
    _printf_return_value                     0x00000000   Number         0  stubs.o ABSOLUTE
    _printf_s                                0x00000000   Number         0  stubs.o ABSOLUTE
    _printf_sizespec                         0x00000000   Number         0  stubs.o ABSOLUTE
    _printf_str                              0x00000000   Number         0  stubs.o ABSOLUTE
    _printf_truncate_signed                  0x00000000   Number         0  stubs.o ABSOLUTE
    _printf_truncate_unsigned                0x00000000   Number         0  stubs.o ABSOLUTE
    _printf_u                                0x00000000   Number         0  stubs.o ABSOLUTE
    _printf_wc                               0x00000000   Number         0  stubs.o ABSOLUTE
    _printf_wctomb                           0x00000000   Number         0  stubs.o ABSOLUTE
    _printf_widthprec                        0x00000000   Number         0  stubs.o ABSOLUTE
    _printf_x                                0x00000000   Number         0  stubs.o ABSOLUTE
    _clock_init                               - Undefined Weak Reference
    __Vectors_Size                           0x000000ec   Number         0  startup_stm32f10x_md.o ABSOLUTE
    __Vectors                                0x08000000   Data           4  startup_stm32f10x_md.o(RESET)
    __Vectors_End                            0x080000ec   Data           0  startup_stm32f10x_md.o(RESET)
    __main                                   0x080000ed   Thumb Code     0  entry.o(.ARM.Collect$$$$00000000)
    _main_stk                                0x080000ed   Thumb Code     0  entry2.o(.ARM.Collect$$$$00000001)
    _main_scatterload                        0x080000f1   Thumb Code     0  entry5.o(.ARM.Collect$$$$00000004)
    __main_after_scatterload                 0x080000f5   Thumb Code     0  entry5.o(.ARM.Collect$$$$00000004)
    _main_clock                              0x080000f5   Thumb Code     0  entry7b.o(.ARM.Collect$$$$00000008)
    _main_init                               0x080000f5   Thumb Code     0  entry8.o(.ARM.Collect$$$$00000009)
    itoa                                     0x08000131   Thumb Code    60  cli.o(.text)
    cliProcess                               0x080008f1   Thumb Code   966  cli.o(.text)
    parseRcChannels                          0x08000cc1   Thumb Code    42  config.o(.text)
    readEEPROM                               0x08000ceb   Thumb Code   434  config.o(.text)
    writeParams                              0x08000e9d   Thumb Code    80  config.o(.text)
    featureSet                               0x08000eed   Thumb Code    16  config.o(.text)
    featureClearAll                          0x08000efd   Thumb Code    10  config.o(.text)
    checkFirstTime                           0x08000f07   Thumb Code   636  config.o(.text)
    sensors                                  0x08001183   Thumb Code    18  config.o(.text)
    sensorsSet                               0x08001195   Thumb Code    12  config.o(.text)
    sensorsClear                             0x080011a1   Thumb Code    12  config.o(.text)
    sensorsMask                              0x080011ad   Thumb Code     6  config.o(.text)
    feature                                  0x080011b3   Thumb Code    18  config.o(.text)
    featureClear                             0x080011c5   Thumb Code    12  config.o(.text)
    featureMask                              0x080011d1   Thumb Code     6  config.o(.text)
    imuInit                                  0x080011e1   Thumb Code    44  imu.o(.text)
    rotateV                                  0x08001239   Thumb Code   128  imu.o(.text)
    computeIMU                               0x0800164b   Thumb Code   376  imu.o(.text)
    getEstimatedAltitude                     0x080017c3   Thumb Code   496  imu.o(.text)
    throttleCalibration                      0x08001a11   Thumb Code    92  main.o(.text)
    main                                     0x08001a6d   Thumb Code   336  main.o(.text)
    mixerInit                                0x08001be5   Thumb Code   166  mixer.o(.text)
    writeServos                              0x08001c8b   Thumb Code    88  mixer.o(.text)
    writeMotors                              0x08001ce3   Thumb Code    46  mixer.o(.text)
    writeAllMotors                           0x08001d11   Thumb Code    32  mixer.o(.text)
    mixTable                                 0x08001d31   Thumb Code  4556  mixer.o(.text)
    blinkLED                                 0x08002f29   Thumb Code    84  mw.o(.text)
    annexCode                                0x08002f7d   Thumb Code  1322  mw.o(.text)
    pwmReadRawRC                             0x080034a7   Thumb Code    42  mw.o(.text)
    computeRC                                0x080034d1   Thumb Code   198  mw.o(.text)
    loop                                     0x08003597   Thumb Code  3412  mw.o(.text)
    sensorsAutodetect                        0x08004331   Thumb Code   338  sensors.o(.text)
    batteryAdcToVoltage                      0x08004483   Thumb Code    60  sensors.o(.text)
    batteryInit                              0x080044bf   Thumb Code    84  sensors.o(.text)
    ACC_getADC                               0x08004775   Thumb Code    24  sensors.o(.text)
    Baro_update                              0x0800478d   Thumb Code   244  sensors.o(.text)
    Gyro_getADC                              0x0800497b   Thumb Code    24  sensors.o(.text)
    Mag_init                                 0x080049b9   Thumb Code   402  sensors.o(.text)
    Mag_getADC                               0x08004b4b   Thumb Code   524  sensors.o(.text)
    serialize32                              0x08004d8d   Thumb Code   116  serial.o(.text)
    serialize16                              0x08004e01   Thumb Code    60  serial.o(.text)
    serialize8                               0x08004e3d   Thumb Code    22  serial.o(.text)
    read32                                   0x08004e53   Thumb Code    72  serial.o(.text)
    read16                                   0x08004e9b   Thumb Code    38  serial.o(.text)
    read8                                    0x08004ec1   Thumb Code    18  serial.o(.text)
    headSerialReply                          0x08004ed3   Thumb Code    44  serial.o(.text)
    tailSerialReply                          0x08004eff   Thumb Code    12  serial.o(.text)
    serialInit                               0x08004f0b   Thumb Code    12  serial.o(.text)
    serialCom                                0x08004f17   Thumb Code  1668  serial.o(.text)
    gpsInit                                  0x08006513   Thumb Code    24  gps.o(.text)
    GPS_reset_home_position                  0x08006535   Thumb Code    22  gps.o(.text)
    GPS_reset_nav                            0x0800654b   Thumb Code    72  gps.o(.text)
    GPS_set_next_wp                          0x08006593   Thumb Code    86  gps.o(.text)
    spektrumInit                             0x080066bb   Thumb Code    48  spektrum.o(.text)
    spektrumFrameComplete                    0x080066eb   Thumb Code     6  spektrum.o(.text)
    spektrumReadRawRC                        0x080066f1   Thumb Code   144  spektrum.o(.text)
    buzzer                                   0x080067b1   Thumb Code   634  buzzer.o(.text)
    wifiCheckData                            0x08006a7d   Thumb Code    46  wificontroller.o(.text)
    wifiInit                                 0x08006b67   Thumb Code    14  wificontroller.o(.text)
    printHex                                 0x08006b75   Thumb Code    22  wificontroller.o(.text)
    wifiFrameComplete                        0x08006b8b   Thumb Code     6  wificontroller.o(.text)
    assignChannelData                        0x08006b91   Thumb Code    46  wificontroller.o(.text)
    assignWifiFrame                          0x08006bbf   Thumb Code    32  wificontroller.o(.text)
    wifiReadRawRC                            0x08006bdf   Thumb Code    36  wificontroller.o(.text)
    adcInit                                  0x08006c35   Thumb Code   202  drv_adc.o(.text)
    adcGetBattery                            0x08006cff   Thumb Code     6  drv_adc.o(.text)
    adxl345Detect                            0x08006e39   Thumb Code    62  drv_adxl345.o(.text)
    EXTI15_10_IRQHandler                     0x08006e91   Thumb Code    28  drv_bmp085.o(.text)
    bmp085Init                               0x08006f9b   Thumb Code   270  drv_bmp085.o(.text)
    bmp085_get_ut                            0x080070a9   Thumb Code    54  drv_bmp085.o(.text)
    bmp085_get_temperature                   0x080070df   Thumb Code    78  drv_bmp085.o(.text)
    bmp085_start_ut                          0x0800712d   Thumb Code    24  drv_bmp085.o(.text)
    bmp085_read_temperature                  0x08007145   Thumb Code    40  drv_bmp085.o(.text)
    bmp085_get_up                            0x0800716d   Thumb Code    80  drv_bmp085.o(.text)
    bmp085_get_pressure                      0x080071bd   Thumb Code   310  drv_bmp085.o(.text)
    bmp085_start_up                          0x080072f3   Thumb Code    38  drv_bmp085.o(.text)
    bmp085_read_pressure                     0x08007319   Thumb Code    40  drv_bmp085.o(.text)
    hmc5883lDetect                           0x08007351   Thumb Code    40  drv_hmc5883l.o(.text)
    hmc5883lInit                             0x08007379   Thumb Code    26  drv_hmc5883l.o(.text)
    hmc5883lCal                              0x08007393   Thumb Code    42  drv_hmc5883l.o(.text)
    hmc5883lFinishCal                        0x080073bd   Thumb Code    34  drv_hmc5883l.o(.text)
    hmc5883lRead                             0x080073df   Thumb Code    66  drv_hmc5883l.o(.text)
    i2cInit                                  0x080074e3   Thumb Code   174  drv_i2c.o(.text)
    I2C1_ER_IRQHandler                       0x08007633   Thumb Code     8  drv_i2c.o(.text)
    I2C1_EV_IRQHandler                       0x08007a11   Thumb Code     8  drv_i2c.o(.text)
    I2C2_ER_IRQHandler                       0x08007a19   Thumb Code     8  drv_i2c.o(.text)
    I2C2_EV_IRQHandler                       0x08007a21   Thumb Code     8  drv_i2c.o(.text)
    i2cWriteBuffer                           0x08007a29   Thumb Code   206  drv_i2c.o(.text)
    i2cWrite                                 0x08007af7   Thumb Code    20  drv_i2c.o(.text)
    i2cRead                                  0x08007b0b   Thumb Code   172  drv_i2c.o(.text)
    i2cGetErrorCounter                       0x08007bb7   Thumb Code     6  drv_i2c.o(.text)
    mpu3050Detect                            0x08007cad   Thumb Code    44  drv_mpu3050.o(.text)
    mpu3050Config                            0x08007cd9   Thumb Code   102  drv_mpu3050.o(.text)
    TIM2_IRQHandler                          0x08007f09   Thumb Code    28  drv_pwm.o(.text)
    TIM3_IRQHandler                          0x08007f25   Thumb Code    10  drv_pwm.o(.text)
    pwmInit                                  0x080080b1   Thumb Code   672  drv_pwm.o(.text)
    pwmWrite                                 0x08008351   Thumb Code    18  drv_pwm.o(.text)
    pwmRead                                  0x08008363   Thumb Code    12  drv_pwm.o(.text)
    pwmGetNumOutputChannels                  0x0800836f   Thumb Code     6  drv_pwm.o(.text)
    SysTick_Handler                          0x080083b3   Thumb Code    12  drv_system.o(.text)
    micros                                   0x080083bf   Thumb Code    44  drv_system.o(.text)
    millis                                   0x080083eb   Thumb Code     6  drv_system.o(.text)
    delayMicroseconds                        0x080083f1   Thumb Code    24  drv_system.o(.text)
    delay                                    0x08008409   Thumb Code    24  drv_system.o(.text)
    systemInit                               0x08008421   Thumb Code   268  drv_system.o(.text)
    failureMode                              0x0800852d   Thumb Code    86  drv_system.o(.text)
    systemReset                              0x08008583   Thumb Code    18  drv_system.o(.text)
    DMA1_Channel4_IRQHandler                 0x08008629   Thumb Code    38  drv_uart.o(.text)
    uartInit                                 0x0800864f   Thumb Code   296  drv_uart.o(.text)
    uartAvailable                            0x08008777   Thumb Code    26  drv_uart.o(.text)
    uartTransmitEmpty                        0x08008791   Thumb Code    20  drv_uart.o(.text)
    uartRead                                 0x080087a5   Thumb Code    32  drv_uart.o(.text)
    uartReadPoll                             0x080087c5   Thumb Code    18  drv_uart.o(.text)
    uartWrite                                0x080087d7   Thumb Code    40  drv_uart.o(.text)
    uartPrint                                0x080087ff   Thumb Code    22  drv_uart.o(.text)
    uart2Init                                0x08008815   Thumb Code   130  drv_uart.o(.text)
    USART2_IRQHandler                        0x08008897   Thumb Code    38  drv_uart.o(.text)
    ledringDetect                            0x080088e5   Thumb Code    28  drv_ledring.o(.text)
    ledringState                             0x08008901   Thumb Code   274  drv_ledring.o(.text)
    ledringBlink                             0x08008a13   Thumb Code    32  drv_ledring.o(.text)
    mpu6050Detect                            0x08008bb1   Thumb Code    84  drv_mpu6050.o(.text)
    mpu6050DmpLoop                           0x08008c05   Thumb Code     2  drv_mpu6050.o(.text)
    mpu6050DmpResetFifo                      0x08008c07   Thumb Code     2  drv_mpu6050.o(.text)
    mma8452Detect                            0x08008d0f   Thumb Code    70  drv_mma845x.o(.text)
    SystemInit                               0x08008d69   Thumb Code    64  system_stm32f10x.o(.text)
    SystemCoreClockUpdate                    0x08008da9   Thumb Code    86  system_stm32f10x.o(.text)
    NVIC_PriorityGroupConfig                 0x08008ea9   Thumb Code    10  misc.o(.text)
    NVIC_Init                                0x08008eb3   Thumb Code    90  misc.o(.text)
    NVIC_SetVectorTable                      0x08008f0d   Thumb Code    14  misc.o(.text)
    NVIC_SystemLPConfig                      0x08008f1b   Thumb Code    20  misc.o(.text)
    SysTick_CLKSourceConfig                  0x08008f2f   Thumb Code    24  misc.o(.text)
    ADC_DeInit                               0x08008f59   Thumb Code    56  stm32f10x_adc.o(.text)
    ADC_Init                                 0x08008f91   Thumb Code    62  stm32f10x_adc.o(.text)
    ADC_StructInit                           0x08008fcf   Thumb Code    18  stm32f10x_adc.o(.text)
    ADC_Cmd                                  0x08008fe1   Thumb Code    20  stm32f10x_adc.o(.text)
    ADC_DMACmd                               0x08008ff5   Thumb Code    20  stm32f10x_adc.o(.text)
    ADC_ITConfig                             0x08009009   Thumb Code    18  stm32f10x_adc.o(.text)
    ADC_ResetCalibration                     0x0800901b   Thumb Code    10  stm32f10x_adc.o(.text)
    ADC_GetResetCalibrationStatus            0x08009025   Thumb Code    14  stm32f10x_adc.o(.text)
    ADC_StartCalibration                     0x08009033   Thumb Code    10  stm32f10x_adc.o(.text)
    ADC_GetCalibrationStatus                 0x0800903d   Thumb Code    14  stm32f10x_adc.o(.text)
    ADC_SoftwareStartConvCmd                 0x0800904b   Thumb Code    20  stm32f10x_adc.o(.text)
    ADC_GetSoftwareStartConvStatus           0x0800905f   Thumb Code    14  stm32f10x_adc.o(.text)
    ADC_DiscModeChannelCountConfig           0x0800906d   Thumb Code    16  stm32f10x_adc.o(.text)
    ADC_DiscModeCmd                          0x0800907d   Thumb Code    20  stm32f10x_adc.o(.text)
    ADC_RegularChannelConfig                 0x08009091   Thumb Code   116  stm32f10x_adc.o(.text)
    ADC_ExternalTrigConvCmd                  0x08009105   Thumb Code    20  stm32f10x_adc.o(.text)
    ADC_GetConversionValue                   0x08009119   Thumb Code     6  stm32f10x_adc.o(.text)
    ADC_GetDualModeConversionValue           0x0800911f   Thumb Code     8  stm32f10x_adc.o(.text)
    ADC_AutoInjectedConvCmd                  0x08009127   Thumb Code    20  stm32f10x_adc.o(.text)
    ADC_InjectedDiscModeCmd                  0x0800913b   Thumb Code    20  stm32f10x_adc.o(.text)
    ADC_ExternalTrigInjectedConvConfig       0x0800914f   Thumb Code    12  stm32f10x_adc.o(.text)
    ADC_ExternalTrigInjectedConvCmd          0x0800915b   Thumb Code    20  stm32f10x_adc.o(.text)
    ADC_SoftwareStartInjectedConvCmd         0x0800916f   Thumb Code    20  stm32f10x_adc.o(.text)
    ADC_GetSoftwareStartInjectedConvCmdStatus 0x08009183   Thumb Code    14  stm32f10x_adc.o(.text)
    ADC_InjectedChannelConfig                0x08009191   Thumb Code    74  stm32f10x_adc.o(.text)
    ADC_InjectedSequencerLengthConfig        0x080091db   Thumb Code    16  stm32f10x_adc.o(.text)
    ADC_SetInjectedOffset                    0x080091eb   Thumb Code     4  stm32f10x_adc.o(.text)
    ADC_GetInjectedConversionValue           0x080091ef   Thumb Code     8  stm32f10x_adc.o(.text)
    ADC_AnalogWatchdogCmd                    0x080091f7   Thumb Code    12  stm32f10x_adc.o(.text)
    ADC_AnalogWatchdogThresholdsConfig       0x08009203   Thumb Code     6  stm32f10x_adc.o(.text)
    ADC_AnalogWatchdogSingleChannelConfig    0x08009209   Thumb Code    12  stm32f10x_adc.o(.text)
    ADC_TempSensorVrefintCmd                 0x08009215   Thumb Code    24  stm32f10x_adc.o(.text)
    ADC_GetFlagStatus                        0x0800922d   Thumb Code    14  stm32f10x_adc.o(.text)
    ADC_ClearFlag                            0x0800923b   Thumb Code     6  stm32f10x_adc.o(.text)
    ADC_GetITStatus                          0x08009241   Thumb Code    26  stm32f10x_adc.o(.text)
    ADC_ClearITPendingBit                    0x0800925b   Thumb Code     8  stm32f10x_adc.o(.text)
    DMA_DeInit                               0x0800927d   Thumb Code   218  stm32f10x_dma.o(.text)
    DMA_Init                                 0x08009357   Thumb Code    58  stm32f10x_dma.o(.text)
    DMA_StructInit                           0x08009391   Thumb Code    26  stm32f10x_dma.o(.text)
    DMA_Cmd                                  0x080093ab   Thumb Code    22  stm32f10x_dma.o(.text)
    DMA_ITConfig                             0x080093c1   Thumb Code    16  stm32f10x_dma.o(.text)
    DMA_SetCurrDataCounter                   0x080093d1   Thumb Code     4  stm32f10x_dma.o(.text)
    DMA_GetCurrDataCounter                   0x080093d5   Thumb Code     6  stm32f10x_dma.o(.text)
    DMA_GetFlagStatus                        0x080093db   Thumb Code    28  stm32f10x_dma.o(.text)
    DMA_ClearFlag                            0x080093f7   Thumb Code    20  stm32f10x_dma.o(.text)
    DMA_GetITStatus                          0x0800940b   Thumb Code    28  stm32f10x_dma.o(.text)
    DMA_ClearITPendingBit                    0x08009427   Thumb Code    20  stm32f10x_dma.o(.text)
    EXTI_DeInit                              0x08009445   Thumb Code    28  stm32f10x_exti.o(.text)
    EXTI_Init                                0x08009461   Thumb Code   108  stm32f10x_exti.o(.text)
    EXTI_StructInit                          0x080094cd   Thumb Code    14  stm32f10x_exti.o(.text)
    EXTI_GenerateSWInterrupt                 0x080094db   Thumb Code    12  stm32f10x_exti.o(.text)
    EXTI_GetFlagStatus                       0x080094e7   Thumb Code    18  stm32f10x_exti.o(.text)
    EXTI_ClearFlag                           0x080094f9   Thumb Code     8  stm32f10x_exti.o(.text)
    EXTI_GetITStatus                         0x08009501   Thumb Code    28  stm32f10x_exti.o(.text)
    EXTI_ClearITPendingBit                   0x0800951d   Thumb Code     8  stm32f10x_exti.o(.text)
    I2C_DeInit                               0x0800952d   Thumb Code    38  stm32f10x_i2c.o(.text)
    I2C_Init                                 0x08009553   Thumb Code   176  stm32f10x_i2c.o(.text)
    I2C_StructInit                           0x08009603   Thumb Code    28  stm32f10x_i2c.o(.text)
    I2C_Cmd                                  0x0800961f   Thumb Code    20  stm32f10x_i2c.o(.text)
    I2C_DMACmd                               0x08009633   Thumb Code    20  stm32f10x_i2c.o(.text)
    I2C_DMALastTransferCmd                   0x08009647   Thumb Code    20  stm32f10x_i2c.o(.text)
    I2C_GenerateSTART                        0x0800965b   Thumb Code    20  stm32f10x_i2c.o(.text)
    I2C_GenerateSTOP                         0x0800966f   Thumb Code    20  stm32f10x_i2c.o(.text)
    I2C_AcknowledgeConfig                    0x08009683   Thumb Code    20  stm32f10x_i2c.o(.text)
    I2C_OwnAddress2Config                    0x08009697   Thumb Code    16  stm32f10x_i2c.o(.text)
    I2C_DualAddressCmd                       0x080096a7   Thumb Code    20  stm32f10x_i2c.o(.text)
    I2C_GeneralCallCmd                       0x080096bb   Thumb Code    20  stm32f10x_i2c.o(.text)
    I2C_ITConfig                             0x080096cf   Thumb Code    16  stm32f10x_i2c.o(.text)
    I2C_SendData                             0x080096df   Thumb Code     4  stm32f10x_i2c.o(.text)
    I2C_ReceiveData                          0x080096e3   Thumb Code     6  stm32f10x_i2c.o(.text)
    I2C_Send7bitAddress                      0x080096e9   Thumb Code    16  stm32f10x_i2c.o(.text)
    I2C_ReadRegister                         0x080096f9   Thumb Code     4  stm32f10x_i2c.o(.text)
    I2C_SoftwareResetCmd                     0x080096fd   Thumb Code    20  stm32f10x_i2c.o(.text)
    I2C_NACKPositionConfig                   0x08009711   Thumb Code    22  stm32f10x_i2c.o(.text)
    I2C_SMBusAlertConfig                     0x08009727   Thumb Code    22  stm32f10x_i2c.o(.text)
    I2C_TransmitPEC                          0x0800973d   Thumb Code    20  stm32f10x_i2c.o(.text)
    I2C_PECPositionConfig                    0x08009751   Thumb Code    22  stm32f10x_i2c.o(.text)
    I2C_CalculatePEC                         0x08009767   Thumb Code    20  stm32f10x_i2c.o(.text)
    I2C_GetPEC                               0x0800977b   Thumb Code     6  stm32f10x_i2c.o(.text)
    I2C_ARPCmd                               0x08009781   Thumb Code    20  stm32f10x_i2c.o(.text)
    I2C_StretchClockCmd                      0x08009795   Thumb Code    20  stm32f10x_i2c.o(.text)
    I2C_FastModeDutyCycleConfig              0x080097a9   Thumb Code    22  stm32f10x_i2c.o(.text)
    I2C_CheckEvent                           0x080097bf   Thumb Code    24  stm32f10x_i2c.o(.text)
    I2C_GetLastEvent                         0x080097d7   Thumb Code    14  stm32f10x_i2c.o(.text)
    I2C_GetFlagStatus                        0x080097e5   Thumb Code    30  stm32f10x_i2c.o(.text)
    I2C_ClearFlag                            0x08009803   Thumb Code     6  stm32f10x_i2c.o(.text)
    I2C_GetITStatus                          0x08009809   Thumb Code    32  stm32f10x_i2c.o(.text)
    I2C_ClearITPendingBit                    0x08009829   Thumb Code     6  stm32f10x_i2c.o(.text)
    RCC_DeInit                               0x0800983d   Thumb Code    50  stm32f10x_rcc.o(.text)
    RCC_HSEConfig                            0x0800986f   Thumb Code    48  stm32f10x_rcc.o(.text)
    RCC_GetFlagStatus                        0x0800989f   Thumb Code    42  stm32f10x_rcc.o(.text)
    RCC_WaitForHSEStartUp                    0x080098c9   Thumb Code    38  stm32f10x_rcc.o(.text)
    RCC_AdjustHSICalibrationValue            0x080098ef   Thumb Code    16  stm32f10x_rcc.o(.text)
    RCC_HSICmd                               0x080098ff   Thumb Code     6  stm32f10x_rcc.o(.text)
    RCC_PLLConfig                            0x08009905   Thumb Code    16  stm32f10x_rcc.o(.text)
    RCC_PLLCmd                               0x08009915   Thumb Code     6  stm32f10x_rcc.o(.text)
    RCC_SYSCLKConfig                         0x0800991b   Thumb Code    14  stm32f10x_rcc.o(.text)
    RCC_GetSYSCLKSource                      0x08009929   Thumb Code    10  stm32f10x_rcc.o(.text)
    RCC_HCLKConfig                           0x08009933   Thumb Code    14  stm32f10x_rcc.o(.text)
    RCC_PCLK1Config                          0x08009941   Thumb Code    14  stm32f10x_rcc.o(.text)
    RCC_PCLK2Config                          0x0800994f   Thumb Code    16  stm32f10x_rcc.o(.text)
    RCC_ITConfig                             0x0800995f   Thumb Code    18  stm32f10x_rcc.o(.text)
    RCC_USBCLKConfig                         0x08009971   Thumb Code     6  stm32f10x_rcc.o(.text)
    RCC_ADCCLKConfig                         0x08009977   Thumb Code    14  stm32f10x_rcc.o(.text)
    RCC_LSEConfig                            0x08009985   Thumb Code    26  stm32f10x_rcc.o(.text)
    RCC_LSICmd                               0x0800999f   Thumb Code     6  stm32f10x_rcc.o(.text)
    RCC_RTCCLKConfig                         0x080099a5   Thumb Code    10  stm32f10x_rcc.o(.text)
    RCC_RTCCLKCmd                            0x080099af   Thumb Code     8  stm32f10x_rcc.o(.text)
    RCC_GetClocksFreq                        0x080099b7   Thumb Code   138  stm32f10x_rcc.o(.text)
    RCC_AHBPeriphClockCmd                    0x08009a41   Thumb Code    18  stm32f10x_rcc.o(.text)
    RCC_APB2PeriphClockCmd                   0x08009a53   Thumb Code    18  stm32f10x_rcc.o(.text)
    RCC_APB1PeriphClockCmd                   0x08009a65   Thumb Code    18  stm32f10x_rcc.o(.text)
    RCC_APB2PeriphResetCmd                   0x08009a77   Thumb Code    18  stm32f10x_rcc.o(.text)
    RCC_APB1PeriphResetCmd                   0x08009a89   Thumb Code    18  stm32f10x_rcc.o(.text)
    RCC_BackupResetCmd                       0x08009a9b   Thumb Code     8  stm32f10x_rcc.o(.text)
    RCC_ClockSecuritySystemCmd               0x08009aa3   Thumb Code     6  stm32f10x_rcc.o(.text)
    RCC_MCOConfig                            0x08009aa9   Thumb Code     6  stm32f10x_rcc.o(.text)
    RCC_ClearFlag                            0x08009aaf   Thumb Code    12  stm32f10x_rcc.o(.text)
    RCC_GetITStatus                          0x08009abb   Thumb Code    16  stm32f10x_rcc.o(.text)
    RCC_ClearITPendingBit                    0x08009acb   Thumb Code     6  stm32f10x_rcc.o(.text)
    TIM_DeInit                               0x08009af9   Thumb Code   304  stm32f10x_tim.o(.text)
    TIM_TimeBaseInit                         0x08009c29   Thumb Code   114  stm32f10x_tim.o(.text)
    TIM_OC1Init                              0x08009c9b   Thumb Code   106  stm32f10x_tim.o(.text)
    TIM_OC2Init                              0x08009d05   Thumb Code   116  stm32f10x_tim.o(.text)
    TIM_OC3Init                              0x08009d79   Thumb Code   112  stm32f10x_tim.o(.text)
    TIM_OC4Init                              0x08009de9   Thumb Code    86  stm32f10x_tim.o(.text)
    TIM_SetIC4Prescaler                      0x08009e3f   Thumb Code    18  stm32f10x_tim.o(.text)
    TIM_SetIC3Prescaler                      0x08009e51   Thumb Code    16  stm32f10x_tim.o(.text)
    TIM_SetIC2Prescaler                      0x08009e61   Thumb Code    18  stm32f10x_tim.o(.text)
    TIM_SetIC1Prescaler                      0x08009f15   Thumb Code    16  stm32f10x_tim.o(.text)
    TIM_ICInit                               0x08009f79   Thumb Code   262  stm32f10x_tim.o(.text)
    TIM_PWMIConfig                           0x0800a07f   Thumb Code   104  stm32f10x_tim.o(.text)
    TIM_BDTRConfig                           0x0800a0e7   Thumb Code    34  stm32f10x_tim.o(.text)
    TIM_TimeBaseStructInit                   0x0800a109   Thumb Code    18  stm32f10x_tim.o(.text)
    TIM_OCStructInit                         0x0800a11b   Thumb Code    20  stm32f10x_tim.o(.text)
    TIM_ICStructInit                         0x0800a12f   Thumb Code    16  stm32f10x_tim.o(.text)
    TIM_BDTRStructInit                       0x0800a13f   Thumb Code    18  stm32f10x_tim.o(.text)
    TIM_Cmd                                  0x0800a151   Thumb Code    20  stm32f10x_tim.o(.text)
    TIM_CtrlPWMOutputs                       0x0800a165   Thumb Code    22  stm32f10x_tim.o(.text)
    TIM_ITConfig                             0x0800a17b   Thumb Code    16  stm32f10x_tim.o(.text)
    TIM_GenerateEvent                        0x0800a18b   Thumb Code     4  stm32f10x_tim.o(.text)
    TIM_DMAConfig                            0x0800a18f   Thumb Code     8  stm32f10x_tim.o(.text)
    TIM_DMACmd                               0x0800a197   Thumb Code    16  stm32f10x_tim.o(.text)
    TIM_InternalClockConfig                  0x0800a1a7   Thumb Code    10  stm32f10x_tim.o(.text)
    TIM_SelectInputTrigger                   0x0800a1b1   Thumb Code    12  stm32f10x_tim.o(.text)
    TIM_ITRxExternalClockConfig              0x0800a1bd   Thumb Code    18  stm32f10x_tim.o(.text)
    TIM_TIxExternalClockConfig               0x0800a1cf   Thumb Code    44  stm32f10x_tim.o(.text)
    TIM_ETRConfig                            0x0800a1fb   Thumb Code    18  stm32f10x_tim.o(.text)
    TIM_ETRClockMode1Config                  0x0800a20d   Thumb Code    18  stm32f10x_tim.o(.text)
    TIM_ETRClockMode2Config                  0x0800a21f   Thumb Code    18  stm32f10x_tim.o(.text)
    TIM_PrescalerConfig                      0x0800a231   Thumb Code     6  stm32f10x_tim.o(.text)
    TIM_CounterModeConfig                    0x0800a237   Thumb Code    12  stm32f10x_tim.o(.text)
    TIM_EncoderInterfaceConfig               0x0800a243   Thumb Code    44  stm32f10x_tim.o(.text)
    TIM_ForcedOC1Config                      0x0800a26f   Thumb Code    12  stm32f10x_tim.o(.text)
    TIM_ForcedOC2Config                      0x0800a27b   Thumb Code    14  stm32f10x_tim.o(.text)
    TIM_ForcedOC3Config                      0x0800a289   Thumb Code    12  stm32f10x_tim.o(.text)
    TIM_ForcedOC4Config                      0x0800a295   Thumb Code    14  stm32f10x_tim.o(.text)
    TIM_ARRPreloadConfig                     0x0800a2a3   Thumb Code    20  stm32f10x_tim.o(.text)
    TIM_SelectCOM                            0x0800a2b7   Thumb Code    20  stm32f10x_tim.o(.text)
    TIM_SelectCCDMA                          0x0800a2cb   Thumb Code    20  stm32f10x_tim.o(.text)
    TIM_CCPreloadControl                     0x0800a2df   Thumb Code    20  stm32f10x_tim.o(.text)
    TIM_OC1PreloadConfig                     0x0800a2f3   Thumb Code    12  stm32f10x_tim.o(.text)
    TIM_OC2PreloadConfig                     0x0800a2ff   Thumb Code    14  stm32f10x_tim.o(.text)
    TIM_OC3PreloadConfig                     0x0800a30d   Thumb Code    32  stm32f10x_tim.o(.text)
    TIM_OC4PreloadConfig                     0x0800a32d   Thumb Code    14  stm32f10x_tim.o(.text)
    TIM_OC1FastConfig                        0x0800a33b   Thumb Code    12  stm32f10x_tim.o(.text)
    TIM_OC2FastConfig                        0x0800a347   Thumb Code    14  stm32f10x_tim.o(.text)
    TIM_OC3FastConfig                        0x0800a355   Thumb Code    12  stm32f10x_tim.o(.text)
    TIM_OC4FastConfig                        0x0800a361   Thumb Code    14  stm32f10x_tim.o(.text)
    TIM_ClearOC1Ref                          0x0800a36f   Thumb Code    12  stm32f10x_tim.o(.text)
    TIM_ClearOC2Ref                          0x0800a37b   Thumb Code    14  stm32f10x_tim.o(.text)
    TIM_ClearOC3Ref                          0x0800a389   Thumb Code    12  stm32f10x_tim.o(.text)
    TIM_ClearOC4Ref                          0x0800a395   Thumb Code    14  stm32f10x_tim.o(.text)
    TIM_OC1PolarityConfig                    0x0800a3a3   Thumb Code    12  stm32f10x_tim.o(.text)
    TIM_OC1NPolarityConfig                   0x0800a3af   Thumb Code    12  stm32f10x_tim.o(.text)
    TIM_OC2PolarityConfig                    0x0800a3bb   Thumb Code    14  stm32f10x_tim.o(.text)
    TIM_OC2NPolarityConfig                   0x0800a3c9   Thumb Code    14  stm32f10x_tim.o(.text)
    TIM_OC3PolarityConfig                    0x0800a3d7   Thumb Code    14  stm32f10x_tim.o(.text)
    TIM_OC3NPolarityConfig                   0x0800a3e5   Thumb Code    14  stm32f10x_tim.o(.text)
    TIM_OC4PolarityConfig                    0x0800a3f3   Thumb Code    14  stm32f10x_tim.o(.text)
    TIM_CCxCmd                               0x0800a401   Thumb Code    22  stm32f10x_tim.o(.text)
    TIM_CCxNCmd                              0x0800a417   Thumb Code    22  stm32f10x_tim.o(.text)
    TIM_SelectOCxM                           0x0800a42d   Thumb Code    66  stm32f10x_tim.o(.text)
    TIM_UpdateDisableConfig                  0x0800a46f   Thumb Code    20  stm32f10x_tim.o(.text)
    TIM_UpdateRequestConfig                  0x0800a483   Thumb Code    20  stm32f10x_tim.o(.text)
    TIM_SelectHallSensor                     0x0800a497   Thumb Code    20  stm32f10x_tim.o(.text)
    TIM_SelectOnePulseMode                   0x0800a4ab   Thumb Code    16  stm32f10x_tim.o(.text)
    TIM_SelectOutputTrigger                  0x0800a4bb   Thumb Code    16  stm32f10x_tim.o(.text)
    TIM_SelectSlaveMode                      0x0800a4cb   Thumb Code    16  stm32f10x_tim.o(.text)
    TIM_SelectMasterSlaveMode                0x0800a4db   Thumb Code    16  stm32f10x_tim.o(.text)
    TIM_SetCounter                           0x0800a4eb   Thumb Code     4  stm32f10x_tim.o(.text)
    TIM_SetAutoreload                        0x0800a4ef   Thumb Code     4  stm32f10x_tim.o(.text)
    TIM_SetCompare1                          0x0800a4f3   Thumb Code     4  stm32f10x_tim.o(.text)
    TIM_SetCompare2                          0x0800a4f7   Thumb Code     4  stm32f10x_tim.o(.text)
    TIM_SetCompare3                          0x0800a4fb   Thumb Code     4  stm32f10x_tim.o(.text)
    TIM_SetCompare4                          0x0800a4ff   Thumb Code     6  stm32f10x_tim.o(.text)
    TIM_SetClockDivision                     0x0800a505   Thumb Code    16  stm32f10x_tim.o(.text)
    TIM_GetCapture1                          0x0800a515   Thumb Code     4  stm32f10x_tim.o(.text)
    TIM_GetCapture2                          0x0800a519   Thumb Code     4  stm32f10x_tim.o(.text)
    TIM_GetCapture3                          0x0800a51d   Thumb Code     4  stm32f10x_tim.o(.text)
    TIM_GetCapture4                          0x0800a521   Thumb Code     6  stm32f10x_tim.o(.text)
    TIM_GetCounter                           0x0800a527   Thumb Code     4  stm32f10x_tim.o(.text)
    TIM_GetPrescaler                         0x0800a52b   Thumb Code     4  stm32f10x_tim.o(.text)
    TIM_GetFlagStatus                        0x0800a52f   Thumb Code    14  stm32f10x_tim.o(.text)
    TIM_ClearFlag                            0x0800a53d   Thumb Code     6  stm32f10x_tim.o(.text)
    TIM_GetITStatus                          0x0800a543   Thumb Code    22  stm32f10x_tim.o(.text)
    TIM_ClearITPendingBit                    0x0800a559   Thumb Code     6  stm32f10x_tim.o(.text)
    USART_DeInit                             0x0800a561   Thumb Code    96  stm32f10x_usart.o(.text)
    USART_Init                               0x0800a5c1   Thumb Code   176  stm32f10x_usart.o(.text)
    USART_StructInit                         0x0800a671   Thumb Code    22  stm32f10x_usart.o(.text)
    USART_ClockInit                          0x0800a687   Thumb Code    30  stm32f10x_usart.o(.text)
    USART_ClockStructInit                    0x0800a6a5   Thumb Code    12  stm32f10x_usart.o(.text)
    USART_Cmd                                0x0800a6b1   Thumb Code    20  stm32f10x_usart.o(.text)
    USART_ITConfig                           0x0800a6c5   Thumb Code    48  stm32f10x_usart.o(.text)
    USART_DMACmd                             0x0800a6f5   Thumb Code    16  stm32f10x_usart.o(.text)
    USART_SetAddress                         0x0800a705   Thumb Code    16  stm32f10x_usart.o(.text)
    USART_WakeUpConfig                       0x0800a715   Thumb Code    16  stm32f10x_usart.o(.text)
    USART_ReceiverWakeUpCmd                  0x0800a725   Thumb Code    20  stm32f10x_usart.o(.text)
    USART_LINBreakDetectLengthConfig         0x0800a739   Thumb Code    16  stm32f10x_usart.o(.text)
    USART_LINCmd                             0x0800a749   Thumb Code    20  stm32f10x_usart.o(.text)
    USART_SendData                           0x0800a75d   Thumb Code     8  stm32f10x_usart.o(.text)
    USART_ReceiveData                        0x0800a765   Thumb Code     8  stm32f10x_usart.o(.text)
    USART_SendBreak                          0x0800a76d   Thumb Code    10  stm32f10x_usart.o(.text)
    USART_SetGuardTime                       0x0800a777   Thumb Code    16  stm32f10x_usart.o(.text)
    USART_SetPrescaler                       0x0800a787   Thumb Code    16  stm32f10x_usart.o(.text)
    USART_SmartCardCmd                       0x0800a797   Thumb Code    20  stm32f10x_usart.o(.text)
    USART_SmartCardNACKCmd                   0x0800a7ab   Thumb Code    20  stm32f10x_usart.o(.text)
    USART_HalfDuplexCmd                      0x0800a7bf   Thumb Code    20  stm32f10x_usart.o(.text)
    USART_OverSampling8Cmd                   0x0800a7d3   Thumb Code    20  stm32f10x_usart.o(.text)
    USART_OneBitMethodCmd                    0x0800a7e7   Thumb Code    20  stm32f10x_usart.o(.text)
    USART_IrDAConfig                         0x0800a7fb   Thumb Code    16  stm32f10x_usart.o(.text)
    USART_IrDACmd                            0x0800a80b   Thumb Code    20  stm32f10x_usart.o(.text)
    USART_GetFlagStatus                      0x0800a81f   Thumb Code    14  stm32f10x_usart.o(.text)
    USART_ClearFlag                          0x0800a82d   Thumb Code     6  stm32f10x_usart.o(.text)
    USART_GetITStatus                        0x0800a833   Thumb Code    62  stm32f10x_usart.o(.text)
    USART_ClearITPendingBit                  0x0800a871   Thumb Code    12  stm32f10x_usart.o(.text)
    GPIO_DeInit                              0x0800a891   Thumb Code   152  stm32f10x_gpio.o(.text)
    GPIO_AFIODeInit                          0x0800a929   Thumb Code    22  stm32f10x_gpio.o(.text)
    GPIO_Init                                0x0800a93f   Thumb Code   162  stm32f10x_gpio.o(.text)
    GPIO_StructInit                          0x0800a9e1   Thumb Code    16  stm32f10x_gpio.o(.text)
    GPIO_ReadInputDataBit                    0x0800a9f1   Thumb Code    14  stm32f10x_gpio.o(.text)
    GPIO_ReadInputData                       0x0800a9ff   Thumb Code     6  stm32f10x_gpio.o(.text)
    GPIO_ReadOutputDataBit                   0x0800aa05   Thumb Code    14  stm32f10x_gpio.o(.text)
    GPIO_ReadOutputData                      0x0800aa13   Thumb Code     6  stm32f10x_gpio.o(.text)
    GPIO_SetBits                             0x0800aa19   Thumb Code     4  stm32f10x_gpio.o(.text)
    GPIO_ResetBits                           0x0800aa1d   Thumb Code     4  stm32f10x_gpio.o(.text)
    GPIO_WriteBit                            0x0800aa21   Thumb Code    10  stm32f10x_gpio.o(.text)
    GPIO_Write                               0x0800aa2b   Thumb Code     4  stm32f10x_gpio.o(.text)
    GPIO_PinLockConfig                       0x0800aa2f   Thumb Code    16  stm32f10x_gpio.o(.text)
    GPIO_EventOutputConfig                   0x0800aa3f   Thumb Code    22  stm32f10x_gpio.o(.text)
    GPIO_EventOutputCmd                      0x0800aa55   Thumb Code     6  stm32f10x_gpio.o(.text)
    GPIO_PinRemapConfig                      0x0800aa5b   Thumb Code    82  stm32f10x_gpio.o(.text)
    GPIO_EXTILineConfig                      0x0800aaad   Thumb Code    34  stm32f10x_gpio.o(.text)
    GPIO_ETH_MediaInterfaceConfig            0x0800aacf   Thumb Code     6  stm32f10x_gpio.o(.text)
    FLASH_SetLatency                         0x0800aafd   Thumb Code    14  stm32f10x_flash.o(.text)
    FLASH_HalfCycleAccessCmd                 0x0800ab0b   Thumb Code    18  stm32f10x_flash.o(.text)
    FLASH_PrefetchBufferCmd                  0x0800ab1d   Thumb Code    18  stm32f10x_flash.o(.text)
    FLASH_Unlock                             0x0800ab2f   Thumb Code    12  stm32f10x_flash.o(.text)
    FLASH_UnlockBank1                        0x0800ab3b   Thumb Code    12  stm32f10x_flash.o(.text)
    FLASH_Lock                               0x0800ab47   Thumb Code    12  stm32f10x_flash.o(.text)
    FLASH_LockBank1                          0x0800ab53   Thumb Code    12  stm32f10x_flash.o(.text)
    FLASH_GetBank1Status                     0x0800ab5f   Thumb Code    34  stm32f10x_flash.o(.text)
    FLASH_WaitForLastOperation               0x0800ab81   Thumb Code    36  stm32f10x_flash.o(.text)
    FLASH_ErasePage                          0x0800aba5   Thumb Code    56  stm32f10x_flash.o(.text)
    FLASH_EraseAllPages                      0x0800abdd   Thumb Code    52  stm32f10x_flash.o(.text)
    FLASH_WaitForLastBank1Operation          0x0800ac11   Thumb Code    36  stm32f10x_flash.o(.text)
    FLASH_EraseAllBank1Pages                 0x0800ac35   Thumb Code    52  stm32f10x_flash.o(.text)
    FLASH_GetReadOutProtectionStatus         0x0800ac69   Thumb Code    14  stm32f10x_flash.o(.text)
    FLASH_EraseOptionBytes                   0x0800ac77   Thumb Code   108  stm32f10x_flash.o(.text)
    FLASH_ProgramWord                        0x0800ace3   Thumb Code    64  stm32f10x_flash.o(.text)
    FLASH_ProgramHalfWord                    0x0800ad23   Thumb Code    48  stm32f10x_flash.o(.text)
    FLASH_ProgramOptionByteData              0x0800ad53   Thumb Code    62  stm32f10x_flash.o(.text)
    FLASH_EnableWriteProtection              0x0800ad91   Thumb Code   158  stm32f10x_flash.o(.text)
    FLASH_ReadOutProtection                  0x0800ae2f   Thumb Code   118  stm32f10x_flash.o(.text)
    FLASH_UserOptionByteConfig               0x0800aea5   Thumb Code    92  stm32f10x_flash.o(.text)
    FLASH_GetUserOptionByte                  0x0800af01   Thumb Code     8  stm32f10x_flash.o(.text)
    FLASH_GetWriteProtectionOptionByte       0x0800af09   Thumb Code     6  stm32f10x_flash.o(.text)
    FLASH_GetPrefetchBufferStatus            0x0800af0f   Thumb Code    14  stm32f10x_flash.o(.text)
    FLASH_ITConfig                           0x0800af1d   Thumb Code    18  stm32f10x_flash.o(.text)
    FLASH_GetFlagStatus                      0x0800af2f   Thumb Code    28  stm32f10x_flash.o(.text)
    FLASH_ClearFlag                          0x0800af4b   Thumb Code     6  stm32f10x_flash.o(.text)
    FLASH_GetStatus                          0x0800af51   Thumb Code    34  stm32f10x_flash.o(.text)
    Reset_Handler                            0x0800af79   Thumb Code    20  startup_stm32f10x_md.o(.text)
    Reboot_Loader                            0x0800af8d   Thumb Code    44  startup_stm32f10x_md.o(.text)
    NMI_Handler                              0x0800afb9   Thumb Code     2  startup_stm32f10x_md.o(.text)
    HardFault_Handler                        0x0800afbb   Thumb Code     2  startup_stm32f10x_md.o(.text)
    MemManage_Handler                        0x0800afbd   Thumb Code     2  startup_stm32f10x_md.o(.text)
    BusFault_Handler                         0x0800afbf   Thumb Code     2  startup_stm32f10x_md.o(.text)
    UsageFault_Handler                       0x0800afc1   Thumb Code     2  startup_stm32f10x_md.o(.text)
    SVC_Handler                              0x0800afc3   Thumb Code     2  startup_stm32f10x_md.o(.text)
    DebugMon_Handler                         0x0800afc5   Thumb Code     2  startup_stm32f10x_md.o(.text)
    PendSV_Handler                           0x0800afc7   Thumb Code     2  startup_stm32f10x_md.o(.text)
    ADC1_2_IRQHandler                        0x0800afcb   Thumb Code     0  startup_stm32f10x_md.o(.text)
    CAN1_RX1_IRQHandler                      0x0800afcb   Thumb Code     0  startup_stm32f10x_md.o(.text)
    CAN1_SCE_IRQHandler                      0x0800afcb   Thumb Code     0  startup_stm32f10x_md.o(.text)
    DMA1_Channel1_IRQHandler                 0x0800afcb   Thumb Code     0  startup_stm32f10x_md.o(.text)
    DMA1_Channel2_IRQHandler                 0x0800afcb   Thumb Code     0  startup_stm32f10x_md.o(.text)
    DMA1_Channel3_IRQHandler                 0x0800afcb   Thumb Code     0  startup_stm32f10x_md.o(.text)
    DMA1_Channel5_IRQHandler                 0x0800afcb   Thumb Code     0  startup_stm32f10x_md.o(.text)
    DMA1_Channel6_IRQHandler                 0x0800afcb   Thumb Code     0  startup_stm32f10x_md.o(.text)
    DMA1_Channel7_IRQHandler                 0x0800afcb   Thumb Code     0  startup_stm32f10x_md.o(.text)
    EXTI0_IRQHandler                         0x0800afcb   Thumb Code     0  startup_stm32f10x_md.o(.text)
    EXTI1_IRQHandler                         0x0800afcb   Thumb Code     0  startup_stm32f10x_md.o(.text)
    EXTI2_IRQHandler                         0x0800afcb   Thumb Code     0  startup_stm32f10x_md.o(.text)
    EXTI3_IRQHandler                         0x0800afcb   Thumb Code     0  startup_stm32f10x_md.o(.text)
    EXTI4_IRQHandler                         0x0800afcb   Thumb Code     0  startup_stm32f10x_md.o(.text)
    EXTI9_5_IRQHandler                       0x0800afcb   Thumb Code     0  startup_stm32f10x_md.o(.text)
    FLASH_IRQHandler                         0x0800afcb   Thumb Code     0  startup_stm32f10x_md.o(.text)
    PVD_IRQHandler                           0x0800afcb   Thumb Code     0  startup_stm32f10x_md.o(.text)
    RCC_IRQHandler                           0x0800afcb   Thumb Code     0  startup_stm32f10x_md.o(.text)
    RTCAlarm_IRQHandler                      0x0800afcb   Thumb Code     0  startup_stm32f10x_md.o(.text)
    RTC_IRQHandler                           0x0800afcb   Thumb Code     0  startup_stm32f10x_md.o(.text)
    SPI1_IRQHandler                          0x0800afcb   Thumb Code     0  startup_stm32f10x_md.o(.text)
    SPI2_IRQHandler                          0x0800afcb   Thumb Code     0  startup_stm32f10x_md.o(.text)
    TAMPER_IRQHandler                        0x0800afcb   Thumb Code     0  startup_stm32f10x_md.o(.text)
    TIM1_BRK_IRQHandler                      0x0800afcb   Thumb Code     0  startup_stm32f10x_md.o(.text)
    TIM1_CC_IRQHandler                       0x0800afcb   Thumb Code     0  startup_stm32f10x_md.o(.text)
    TIM1_TRG_COM_IRQHandler                  0x0800afcb   Thumb Code     0  startup_stm32f10x_md.o(.text)
    TIM1_UP_IRQHandler                       0x0800afcb   Thumb Code     0  startup_stm32f10x_md.o(.text)
    TIM4_IRQHandler                          0x0800afcb   Thumb Code     0  startup_stm32f10x_md.o(.text)
    USART1_IRQHandler                        0x0800afcb   Thumb Code     0  startup_stm32f10x_md.o(.text)
    USART3_IRQHandler                        0x0800afcb   Thumb Code     0  startup_stm32f10x_md.o(.text)
    USBWakeUp_IRQHandler                     0x0800afcb   Thumb Code     0  startup_stm32f10x_md.o(.text)
    USB_HP_CAN1_TX_IRQHandler                0x0800afcb   Thumb Code     0  startup_stm32f10x_md.o(.text)
    USB_LP_CAN1_RX0_IRQHandler               0x0800afcb   Thumb Code     0  startup_stm32f10x_md.o(.text)
    WWDG_IRQHandler                          0x0800afcb   Thumb Code     0  startup_stm32f10x_md.o(.text)
    toupper                                  0x0800aff5   Thumb Code    12  toupper.o(.text)
    bsearch                                  0x0800b001   Thumb Code    70  bsearch.o(.text)
    __aeabi_memcpy                           0x0800b047   Thumb Code    36  memcpya.o(.text)
    __aeabi_memcpy4                          0x0800b047   Thumb Code     0  memcpya.o(.text)
    __aeabi_memcpy8                          0x0800b047   Thumb Code     0  memcpya.o(.text)
    __aeabi_memset                           0x0800b06b   Thumb Code    14  memseta.o(.text)
    __aeabi_memset4                          0x0800b06b   Thumb Code     0  memseta.o(.text)
    __aeabi_memset8                          0x0800b06b   Thumb Code     0  memseta.o(.text)
    __aeabi_memclr                           0x0800b079   Thumb Code     4  memseta.o(.text)
    __aeabi_memclr4                          0x0800b079   Thumb Code     0  memseta.o(.text)
    __aeabi_memclr8                          0x0800b079   Thumb Code     0  memseta.o(.text)
    _memset$wrapper                          0x0800b07d   Thumb Code    20  memseta.o(.text)
    strstr                                   0x0800b091   Thumb Code    44  strstr.o(.text)
    strchr                                   0x0800b0bd   Thumb Code    18  strchr.o(.text)
    strlen                                   0x0800b0cf   Thumb Code    16  strlen.o(.text)
    strncasecmp                              0x0800b0df   Thumb Code    50  strncasecmp.o(.text)
    atoi                                     0x0800b111   Thumb Code    26  atoi.o(.text)
    __aeabi_fadd                             0x0800b12b   Thumb Code   164  fadd.o(.text)
    __aeabi_fsub                             0x0800b1cf   Thumb Code     6  fadd.o(.text)
    __aeabi_frsub                            0x0800b1d5   Thumb Code     6  fadd.o(.text)
    __aeabi_fmul                             0x0800b1db   Thumb Code   108  fmul.o(.text)
    __aeabi_fdiv                             0x0800b247   Thumb Code   128  fdiv.o(.text)
    __aeabi_dadd                             0x0800b2c7   Thumb Code   320  dadd.o(.text)
    __aeabi_dsub                             0x0800b407   Thumb Code     6  dadd.o(.text)
    __aeabi_drsub                            0x0800b40d   Thumb Code     6  dadd.o(.text)
    __aeabi_dmul                             0x0800b413   Thumb Code   224  dmul.o(.text)
    __aeabi_ddiv                             0x0800b4f3   Thumb Code   222  ddiv.o(.text)
    __aeabi_i2f                              0x0800b5d1   Thumb Code    18  fflti.o(.text)
    __aeabi_ui2f                             0x0800b5e3   Thumb Code    10  ffltui.o(.text)
    __aeabi_i2d                              0x0800b5ed   Thumb Code    34  dflti.o(.text)
    __aeabi_ui2d                             0x0800b60f   Thumb Code    26  dfltui.o(.text)
    __aeabi_f2iz                             0x0800b629   Thumb Code    50  ffixi.o(.text)
    __aeabi_f2uiz                            0x0800b65b   Thumb Code    40  ffixui.o(.text)
    __aeabi_d2iz                             0x0800b683   Thumb Code    62  dfixi.o(.text)
    __aeabi_f2d                              0x0800b6c1   Thumb Code    44  f2d.o(.text)
    __aeabi_d2f                              0x0800b6ed   Thumb Code    56  d2f.o(.text)
    __aeabi_cfcmpeq                          0x0800b725   Thumb Code     0  cfcmple.o(.text)
    __aeabi_cfcmple                          0x0800b725   Thumb Code    20  cfcmple.o(.text)
    __aeabi_cfrcmple                         0x0800b739   Thumb Code    20  cfrcmple.o(.text)
    __aeabi_uldivmod                         0x0800b74d   Thumb Code    98  uldiv.o(.text)
    __aeabi_llsl                             0x0800b7af   Thumb Code    30  llshl.o(.text)
    _ll_shift_l                              0x0800b7af   Thumb Code     0  llshl.o(.text)
    __aeabi_llsr                             0x0800b7cd   Thumb Code    32  llushr.o(.text)
    _ll_ushift_r                             0x0800b7cd   Thumb Code     0  llushr.o(.text)
    __aeabi_lasr                             0x0800b7ed   Thumb Code    36  llsshr.o(.text)
    _ll_sshift_r                             0x0800b7ed   Thumb Code     0  llsshr.o(.text)
    tolower                                  0x0800b811   Thumb Code    12  tolower.o(.text)
    strtol                                   0x0800b81d   Thumb Code   112  strtol.o(.text)
    __I$use$fp                               0x0800b88d   Thumb Code     0  iusefp.o(.text)
    _float_round                             0x0800b88d   Thumb Code    18  fepilogue.o(.text)
    _float_epilogue                          0x0800b89f   Thumb Code    90  fepilogue.o(.text)
    __ARM_scalbnf                            0x0800b8f9   Thumb Code    24  fscalb.o(.text)
    scalbnf                                  0x0800b8f9   Thumb Code     0  fscalb.o(.text)
    _fsqrt                                   0x0800b911   Thumb Code    94  fsqrt.o(.text)
    _frnd                                    0x0800b96f   Thumb Code    60  frnd.o(.text)
    _double_round                            0x0800b9ab   Thumb Code    26  depilogue.o(.text)
    _double_epilogue                         0x0800b9c5   Thumb Code   164  depilogue.o(.text)
    __ARM_scalbn                             0x0800ba69   Thumb Code    46  dscalb.o(.text)
    scalbn                                   0x0800ba69   Thumb Code     0  dscalb.o(.text)
    __aeabi_cdrcmple                         0x0800ba99   Thumb Code    38  cdrcmple.o(.text)
    __scatterload                            0x0800bac1   Thumb Code    28  init.o(.text)
    __scatterload_rt2                        0x0800bac1   Thumb Code     0  init.o(.text)
    __rt_ctype_table                         0x0800bae5   Thumb Code     4  ctype_o.o(.text)
    _strtoul                                 0x0800baed   Thumb Code   158  _strtoul.o(.text)
    _dsqrt                                   0x0800bb8b   Thumb Code   162  dsqrt.o(.text)
    _chval                                   0x0800bc2d   Thumb Code    28  _chval.o(.text)
    __decompress                             0x0800bc49   Thumb Code     0  __dczerorl2.o(.text)
    __decompress1                            0x0800bc49   Thumb Code    92  __dczerorl2.o(.text)
    __0sprintf$5                             0x0800bca5   Thumb Code    34  printf5.o(i.__0sprintf$5)
    __1sprintf$5                             0x0800bca5   Thumb Code     0  printf5.o(i.__0sprintf$5)
    __2sprintf                               0x0800bca5   Thumb Code     0  printf5.o(i.__0sprintf$5)
    __ARM_fpclassify                         0x0800bccd   Thumb Code    40  fpclassify.o(i.__ARM_fpclassify)
    __ARM_fpclassifyf                        0x0800bcf5   Thumb Code    38  fpclassifyf.o(i.__ARM_fpclassifyf)
    __aeabi_errno_addr                       0x0800bd1d   Thumb Code     4  errno.o(i.__aeabi_errno_addr)
    __rt_errno_addr                          0x0800bd1d   Thumb Code     0  errno.o(i.__aeabi_errno_addr)
    __ieee754_rem_pio2                       0x0800bd25   Thumb Code   828  rred.o(i.__ieee754_rem_pio2)
    __kernel_cos                             0x0800c0a9   Thumb Code   230  cos_i.o(i.__kernel_cos)
    __kernel_poly                            0x0800c1a5   Thumb Code   170  poly.o(i.__kernel_poly)
    __kernel_sin                             0x0800c251   Thumb Code   224  sin_i.o(i.__kernel_sin)
    __mathlib_dbl_underflow                  0x0800c33d   Thumb Code    10  dunder.o(i.__mathlib_dbl_underflow)
    __mathlib_flt_underflow                  0x0800c34d   Thumb Code    10  funder.o(i.__mathlib_flt_underflow)
    __mathlib_rredf2                         0x0800c359   Thumb Code   328  rredf.o(i.__mathlib_rredf2)
    __scatterload_copy                       0x0800c4b1   Thumb Code    14  handlers.o(i.__scatterload_copy)
    __scatterload_null                       0x0800c4bf   Thumb Code     2  handlers.o(i.__scatterload_null)
    __scatterload_zeroinit                   0x0800c4c1   Thumb Code    14  handlers.o(i.__scatterload_zeroinit)
    __set_errno                              0x0800c4d1   Thumb Code     6  errno.o(i.__set_errno)
    atan2f                                   0x0800c7b9   Thumb Code   520  atan2f.o(i.atan2f)
    cosf                                     0x0800ca0d   Thumb Code   332  cosf.o(i.cosf)
    pow                                      0x0800cb8d   Thumb Code  2522  pow.o(i.pow)
    sin                                      0x0800d579   Thumb Code   166  sin.o(i.sin)
    sinf                                     0x0800d629   Thumb Code   342  sinf.o(i.sinf)
    sqrt                                     0x0800d7b5   Thumb Code    76  sqrt.o(i.sqrt)
    sqrtf                                    0x0800d801   Thumb Code    44  sqrtf.o(i.sqrtf)
    cmdTable                                 0x0800d82c   Data         120  cli.o(.constdata)
    valueTable                               0x0800d8a4   Data        1300  cli.o(.constdata)
    rcChannelLetters                         0x0800ddb8   Data           9  config.o(.constdata)
    __mathlib_zero                           0x0800de98   Data           8  qnan.o(.constdata)
    __ctype_table                            0x0800dfb0   Data         129  ctype_o.o(.constdata)
    Region$$Table$$Base                      0x0800e540   Number         0  anon$$obj.o(Region$$Table)
    Region$$Table$$Limit                     0x0800e560   Number         0  anon$$obj.o(Region$$Table)
    mixerNames                               0x20000004   Data          72  cli.o(.data)
    featureNames                             0x2000004c   Data          52  cli.o(.data)
    sensorNames                              0x20000080   Data          24  cli.o(.data)
    accNames                                 0x20000098   Data          20  cli.o(.data)
    checkNewConf                             0x200000b0   Data           1  config.o(.data)
    acc_25deg                                0x200000b4   Data           2  imu.o(.data)
    BaroPID                                  0x200000b6   Data           2  imu.o(.data)
    errorAltitudeI                           0x200000b8   Data           2  imu.o(.data)
    magneticDeclination                      0x200000bc   Data           4  imu.o(.data)
    gyroData                                 0x200000c0   Data           6  imu.o(.data)
    gyroZero                                 0x200000c6   Data           6  imu.o(.data)
    angle                                    0x200000cc   Data           4  imu.o(.data)
    smallAngle25                             0x200000d0   Data           1  imu.o(.data)
    gyroADC                                  0x200000fc   Data           6  imu.o(.data)
    accADC                                   0x20000102   Data           6  imu.o(.data)
    accSmooth                                0x20000108   Data           6  imu.o(.data)
    magADC                                   0x2000010e   Data           6  imu.o(.data)
    BaroAlt                                  0x20000114   Data           4  imu.o(.data)
    sonarAlt                                 0x20000118   Data           2  imu.o(.data)
    EstAlt                                   0x2000011c   Data           4  imu.o(.data)
    AltHold                                  0x20000120   Data           4  imu.o(.data)
    useServo                                 0x20000125   Data           1  mixer.o(.data)
    servo                                    0x20000126   Data          16  mixer.o(.data)
    buzzerState                              0x2000013c   Data           1  mw.o(.data)
    toggleBeep                               0x2000013d   Data           1  mw.o(.data)
    currentTime                              0x20000140   Data           4  mw.o(.data)
    previousTime                             0x20000144   Data           4  mw.o(.data)
    cycleTime                                0x20000148   Data           2  mw.o(.data)
    GPSModeHome                              0x2000014a   Data           1  mw.o(.data)
    GPSModeHold                              0x2000014b   Data           1  mw.o(.data)
    headFreeMode                             0x2000014c   Data           1  mw.o(.data)
    passThruMode                             0x2000014d   Data           1  mw.o(.data)
    annex650_overrun_count                   0x2000014e   Data           2  mw.o(.data)
    armed                                    0x20000150   Data           1  mw.o(.data)
    failsafeCnt                              0x20000152   Data           2  mw.o(.data)
    failsafeEvents                           0x20000154   Data           2  mw.o(.data)
    rcData                                   0x20000156   Data          16  mw.o(.data)
    rcReadRawFunc                            0x20000168   Data           4  mw.o(.data)
    okToArm                                  0x2000016c   Data           1  mw.o(.data)
    accMode                                  0x2000016d   Data           1  mw.o(.data)
    magMode                                  0x2000016e   Data           1  mw.o(.data)
    baroMode                                 0x2000016f   Data           1  mw.o(.data)
    GPS_fix_home                             0x20000170   Data           1  mw.o(.data)
    GPS_update                               0x20000171   Data           1  mw.o(.data)
    GPS_angle                                0x20000172   Data           4  mw.o(.data)
    GPS_ground_course                        0x20000176   Data           2  mw.o(.data)
    GPS_Present                              0x20000178   Data           1  mw.o(.data)
    GPS_Enable                               0x20000179   Data           1  mw.o(.data)
    nav_mode                                 0x2000017a   Data           1  mw.o(.data)
    InflightcalibratingA                     0x2000017c   Data           2  mw.o(.data)
    AccInflightCalibrationMeasurementDone    0x2000017e   Data           2  mw.o(.data)
    AccInflightCalibrationSavetoEEProm       0x20000180   Data           2  mw.o(.data)
    AccInflightCalibrationActive             0x20000182   Data           2  mw.o(.data)
    batteryCellCount                         0x20000184   Data           1  mw.o(.data)
    debug1                                   0x200001c0   Data           2  mw.o(.data)
    debug2                                   0x200001c2   Data           2  mw.o(.data)
    debug3                                   0x200001c4   Data           2  mw.o(.data)
    debug4                                   0x200001c6   Data           2  mw.o(.data)
    headFreeModeHold                         0x200001c8   Data           2  mw.o(.data)
    vbat                                     0x200001ca   Data           1  mw.o(.data)
    rcCommand                                0x200001cc   Data           8  mw.o(.data)
    dynP8                                    0x200001d4   Data           3  mw.o(.data)
    dynI8                                    0x200001d7   Data           3  mw.o(.data)
    dynD8                                    0x200001da   Data           3  mw.o(.data)
    axisPID                                  0x200001de   Data           6  mw.o(.data)
    GPS_coord                                0x200001e4   Data           8  mw.o(.data)
    GPS_home                                 0x200001ec   Data           8  mw.o(.data)
    GPS_hold                                 0x200001f4   Data           8  mw.o(.data)
    GPS_fix                                  0x200001fc   Data           1  mw.o(.data)
    GPS_numSat                               0x200001fd   Data           1  mw.o(.data)
    GPS_distanceToHome                       0x200001fe   Data           2  mw.o(.data)
    GPS_distanceToHold                       0x20000200   Data           2  mw.o(.data)
    GPS_directionToHome                      0x20000202   Data           2  mw.o(.data)
    GPS_directionToHold                      0x20000204   Data           2  mw.o(.data)
    GPS_altitude                             0x20000206   Data           2  mw.o(.data)
    GPS_speed                                0x20000208   Data           2  mw.o(.data)
    nav                                      0x2000020a   Data           4  mw.o(.data)
    AccInflightCalibrationArmed              0x2000020e   Data           2  mw.o(.data)
    batteryWarningVoltage                    0x20000210   Data           2  mw.o(.data)
    calibratedACC                            0x20000214   Data           1  sensors.o(.data)
    calibratingA                             0x20000216   Data           2  sensors.o(.data)
    calibratingG                             0x20000218   Data           2  sensors.o(.data)
    calibratingM                             0x2000021a   Data           1  sensors.o(.data)
    acc_1G                                   0x2000021c   Data           2  sensors.o(.data)
    accHardware                              0x2000021e   Data           1  sensors.o(.data)
    heading                                  0x20000264   Data           2  sensors.o(.data)
    magHold                                  0x20000266   Data           2  sensors.o(.data)
    cliMode                                  0x20000268   Data           1  serial.o(.data)
    acc_samples                              0x20000327   Data           1  drv_adxl345.o(.data)
    rxDMAPos                                 0x200003d0   Data           4  drv_uart.o(.data)
    txBufferTail                             0x200003d4   Data           4  drv_uart.o(.data)
    txBufferHead                             0x200003d8   Data           4  drv_uart.o(.data)
    uart2Callback                            0x200003dc   Data           4  drv_uart.o(.data)
    mpuProductID                             0x200003e1   Data           1  drv_mpu6050.o(.data)
    SystemCoreClock                          0x200003e4   Data           4  system_stm32f10x.o(.data)
    AHBPrescTable                            0x200003e8   Data          16  system_stm32f10x.o(.data)
    cfg                                      0x20000430   Data         180  config.o(.bss)
    motor                                    0x20000558   Data          16  mixer.o(.bss)
    lookupPitchRollRC                        0x200005c8   Data          12  mw.o(.bss)
    lookupThrottleRC                         0x200005d4   Data          22  mw.o(.bss)
    rcOptions                                0x200005ea   Data          11  mw.o(.bss)
    acc                                      0x2000061c   Data          12  sensors.o(.bss)
    gyro                                     0x20000628   Data          12  sensors.o(.bss)
    spekFrame                                0x20000770   Data          16  spektrum.o(.bss)
    wifiChannelData                          0x20000780   Data          28  wificontroller.o(.bss)
    wifiFrame                                0x2000079c   Data         128  wificontroller.o(.bss)
    rxBuffer                                 0x2000088e   Data         256  drv_uart.o(.bss)
    txBuffer                                 0x2000098e   Data         256  drv_uart.o(.bss)
    __initial_sp                             0x20001a90   Data           0  startup_stm32f10x_md.o(STACK)



==============================================================================

Memory Map of the image

  Image Entry point : 0x080000ed

  Load Region LR_IROM1 (Base: 0x08000000, Size: 0x0000e970, Max: 0x00020000, ABSOLUTE, COMPRESSED[0x0000e664])

    Execution Region ER_IROM1 (Base: 0x08000000, Size: 0x0000e560, Max: 0x00020000, ABSOLUTE)

    Base Addr    Size         Type   Attr      Idx    E Section Name        Object

    0x08000000   0x000000ec   Data   RO          675    RESET               startup_stm32f10x_md.o
    0x080000ec   0x00000000   Code   RO          730  * .ARM.Collect$$$$00000000  mc_w.l(entry.o)
    0x080000ec   0x00000004   Code   RO         1084    .ARM.Collect$$$$00000001  mc_w.l(entry2.o)
    0x080000f0   0x00000004   Code   RO         1087    .ARM.Collect$$$$00000004  mc_w.l(entry5.o)
    0x080000f4   0x00000000   Code   RO         1089    .ARM.Collect$$$$00000008  mc_w.l(entry7b.o)
    0x080000f4   0x00000008   Code   RO         1090    .ARM.Collect$$$$00000009  mc_w.l(entry8.o)
    0x080000fc   0x00000004   Code   RO         1085    .ARM.Collect$$$$00002712  mc_w.l(entry2.o)
    0x08000100   0x00000bc0   Code   RO            1    .text               cli.o
    0x08000cc0   0x00000520   Code   RO          140    .text               config.o
    0x080011e0   0x00000830   Code   RO          161    .text               imu.o
    0x08001a10   0x000001d4   Code   RO          181    .text               main.o
    0x08001be4   0x00001344   Code   RO          194    .text               mixer.o
    0x08002f28   0x00001408   Code   RO          215    .text               mw.o
    0x08004330   0x00000a5c   Code   RO          235    .text               sensors.o
    0x08004d8c   0x00000898   Code   RO          263    .text               serial.o
    0x08005624   0x0000103c   Code   RO          279    .text               gps.o
    0x08006660   0x00000150   Code   RO          294    .text               spektrum.o
    0x080067b0   0x000002cc   Code   RO          310    .text               buzzer.o
    0x08006a7c   0x000001b8   Code   RO          324    .text               wificontroller.o
    0x08006c34   0x000000dc   Code   RO          340    .text               drv_adc.o
    0x08006d10   0x00000180   Code   RO          354    .text               drv_adxl345.o
    0x08006e90   0x000004c0   Code   RO          370    .text               drv_bmp085.o
    0x08007350   0x000000d0   Code   RO          385    .text               drv_hmc5883l.o
    0x08007420   0x000007d0   Code   RO          397    .text               drv_i2c.o
    0x08007bf0   0x0000018c   Code   RO          411    .text               drv_mpu3050.o
    0x08007d7c   0x0000061c   Code   RO          425    .text               drv_pwm.o
    0x08008398   0x00000240   Code   RO          441    .text               drv_system.o
    0x080085d8   0x0000030c   Code   RO          460    .text               drv_uart.o
    0x080088e4   0x00000160   Code   RO          476    .text               drv_ledring.o
    0x08008a44   0x000001e4   Code   RO          489    .text               drv_mpu6050.o
    0x08008c28   0x00000140   Code   RO          505    .text               drv_mma845x.o
    0x08008d68   0x00000140   Code   RO          531    .text               system_stm32f10x.o
    0x08008ea8   0x000000b0   Code   RO          549    .text               misc.o
    0x08008f58   0x00000324   Code   RO          561    .text               stm32f10x_adc.o
    0x0800927c   0x000001c8   Code   RO          573    .text               stm32f10x_dma.o
    0x08009444   0x000000e8   Code   RO          585    .text               stm32f10x_exti.o
    0x0800952c   0x00000310   Code   RO          597    .text               stm32f10x_i2c.o
    0x0800983c   0x000002bc   Code   RO          609    .text               stm32f10x_rcc.o
    0x08009af8   0x00000a66   Code   RO          623    .text               stm32f10x_tim.o
    0x0800a55e   0x00000002   PAD
    0x0800a560   0x00000330   Code   RO          636    .text               stm32f10x_usart.o
    0x0800a890   0x0000026c   Code   RO          648    .text               stm32f10x_gpio.o
    0x0800aafc   0x0000047c   Code   RO          660    .text               stm32f10x_flash.o
    0x0800af78   0x0000007c   Code   RO          676    .text               startup_stm32f10x_md.o
    0x0800aff4   0x0000000c   Code   RO          733    .text               mc_w.l(toupper.o)
    0x0800b000   0x00000046   Code   RO          735    .text               mc_w.l(bsearch.o)
    0x0800b046   0x00000024   Code   RO          737    .text               mc_w.l(memcpya.o)
    0x0800b06a   0x00000026   Code   RO          739    .text               mc_w.l(memseta.o)
    0x0800b090   0x0000002c   Code   RO          741    .text               mc_w.l(strstr.o)
    0x0800b0bc   0x00000012   Code   RO          743    .text               mc_w.l(strchr.o)
    0x0800b0ce   0x00000010   Code   RO          745    .text               mc_w.l(strlen.o)
    0x0800b0de   0x00000032   Code   RO          749    .text               mc_w.l(strncasecmp.o)
    0x0800b110   0x0000001a   Code   RO         1012    .text               mc_w.l(atoi.o)
    0x0800b12a   0x000000b0   Code   RO         1014    .text               mf_w.l(fadd.o)
    0x0800b1da   0x0000006c   Code   RO         1016    .text               mf_w.l(fmul.o)
    0x0800b246   0x00000080   Code   RO         1018    .text               mf_w.l(fdiv.o)
    0x0800b2c6   0x0000014c   Code   RO         1020    .text               mf_w.l(dadd.o)
    0x0800b412   0x000000e0   Code   RO         1022    .text               mf_w.l(dmul.o)
    0x0800b4f2   0x000000de   Code   RO         1024    .text               mf_w.l(ddiv.o)
    0x0800b5d0   0x00000012   Code   RO         1026    .text               mf_w.l(fflti.o)
    0x0800b5e2   0x0000000a   Code   RO         1028    .text               mf_w.l(ffltui.o)
    0x0800b5ec   0x00000022   Code   RO         1030    .text               mf_w.l(dflti.o)
    0x0800b60e   0x0000001a   Code   RO         1032    .text               mf_w.l(dfltui.o)
    0x0800b628   0x00000032   Code   RO         1034    .text               mf_w.l(ffixi.o)
    0x0800b65a   0x00000028   Code   RO         1036    .text               mf_w.l(ffixui.o)
    0x0800b682   0x0000003e   Code   RO         1038    .text               mf_w.l(dfixi.o)
    0x0800b6c0   0x0000002c   Code   RO         1040    .text               mf_w.l(f2d.o)
    0x0800b6ec   0x00000038   Code   RO         1042    .text               mf_w.l(d2f.o)
    0x0800b724   0x00000014   Code   RO         1044    .text               mf_w.l(cfcmple.o)
    0x0800b738   0x00000014   Code   RO         1046    .text               mf_w.l(cfrcmple.o)
    0x0800b74c   0x00000062   Code   RO         1096    .text               mc_w.l(uldiv.o)
    0x0800b7ae   0x0000001e   Code   RO         1098    .text               mc_w.l(llshl.o)
    0x0800b7cc   0x00000020   Code   RO         1100    .text               mc_w.l(llushr.o)
    0x0800b7ec   0x00000024   Code   RO         1102    .text               mc_w.l(llsshr.o)
    0x0800b810   0x0000000c   Code   RO         1104    .text               mc_w.l(tolower.o)
    0x0800b81c   0x00000070   Code   RO         1113    .text               mc_w.l(strtol.o)
    0x0800b88c   0x00000000   Code   RO         1115    .text               mc_w.l(iusefp.o)
    0x0800b88c   0x0000006c   Code   RO         1116    .text               mf_w.l(fepilogue.o)
    0x0800b8f8   0x00000018   Code   RO         1118    .text               mf_w.l(fscalb.o)
    0x0800b910   0x0000005e   Code   RO         1120    .text               mf_w.l(fsqrt.o)
    0x0800b96e   0x0000003c   Code   RO         1122    .text               mf_w.l(frnd.o)
    0x0800b9aa   0x000000be   Code   RO         1124    .text               mf_w.l(depilogue.o)
    0x0800ba68   0x0000002e   Code   RO         1126    .text               mf_w.l(dscalb.o)
    0x0800ba96   0x00000002   PAD
    0x0800ba98   0x00000028   Code   RO         1130    .text               mf_w.l(cdrcmple.o)
    0x0800bac0   0x00000024   Code   RO         1132    .text               mc_w.l(init.o)
    0x0800bae4   0x00000008   Code   RO         1135    .text               mc_w.l(ctype_o.o)
    0x0800baec   0x0000009e   Code   RO         1163    .text               mc_w.l(_strtoul.o)
    0x0800bb8a   0x000000a2   Code   RO         1166    .text               mf_w.l(dsqrt.o)
    0x0800bc2c   0x0000001c   Code   RO         1170    .text               mc_w.l(_chval.o)
    0x0800bc48   0x0000005c   Code   RO         1180    .text               mc_w.l(__dczerorl2.o)
    0x0800bca4   0x00000028   Code   RO          886    i.__0sprintf$5      mc_w.l(printf5.o)
    0x0800bccc   0x00000028   Code   RO         1053    i.__ARM_fpclassify  m_ws.l(fpclassify.o)
    0x0800bcf4   0x00000026   Code   RO         1055    i.__ARM_fpclassifyf  m_ws.l(fpclassifyf.o)
    0x0800bd1a   0x00000002   PAD
    0x0800bd1c   0x00000008   Code   RO         1106    i.__aeabi_errno_addr  mc_w.l(errno.o)
    0x0800bd24   0x00000384   Code   RO         1062    i.__ieee754_rem_pio2  m_ws.l(rred.o)
    0x0800c0a8   0x000000fc   Code   RO         1048    i.__kernel_cos      m_ws.l(cos_i.o)
    0x0800c1a4   0x000000aa   Code   RO         1059    i.__kernel_poly     m_ws.l(poly.o)
    0x0800c24e   0x00000002   PAD
    0x0800c250   0x000000ec   Code   RO         1070    i.__kernel_sin      m_ws.l(sin_i.o)
    0x0800c33c   0x00000010   Code   RO         1051    i.__mathlib_dbl_underflow  m_ws.l(dunder.o)
    0x0800c34c   0x0000000a   Code   RO         1057    i.__mathlib_flt_underflow  m_ws.l(funder.o)
    0x0800c356   0x00000002   PAD
    0x0800c358   0x00000158   Code   RO         1067    i.__mathlib_rredf2  m_ws.l(rredf.o)
    0x0800c4b0   0x0000000e   Code   RO         1174    i.__scatterload_copy  mc_w.l(handlers.o)
    0x0800c4be   0x00000002   Code   RO         1175    i.__scatterload_null  mc_w.l(handlers.o)
    0x0800c4c0   0x0000000e   Code   RO         1176    i.__scatterload_zeroinit  mc_w.l(handlers.o)
    0x0800c4ce   0x00000002   PAD
    0x0800c4d0   0x0000000c   Code   RO         1108    i.__set_errno       mc_w.l(errno.o)
    0x0800c4dc   0x000002d0   Code   RO          891    i._printf_core      mc_w.l(printf5.o)
    0x0800c7ac   0x0000000a   Code   RO          893    i._sputc            mc_w.l(printf5.o)
    0x0800c7b6   0x00000002   PAD
    0x0800c7b8   0x00000254   Code   RO          681    i.atan2f            m_ws.l(atan2f.o)
    0x0800ca0c   0x00000180   Code   RO          689    i.cosf              m_ws.l(cosf.o)
    0x0800cb8c   0x000009ec   Code   RO          697    i.pow               m_ws.l(pow.o)
    0x0800d578   0x000000b0   Code   RO          707    i.sin               m_ws.l(sin.o)
    0x0800d628   0x0000018c   Code   RO          715    i.sinf              m_ws.l(sinf.o)
    0x0800d7b4   0x0000004c   Code   RO         1077    i.sqrt              m_ws.l(sqrt.o)
    0x0800d800   0x0000002c   Code   RO          723    i.sqrtf             m_ws.l(sqrtf.o)
    0x0800d82c   0x0000058c   Data   RO            3    .constdata          cli.o
    0x0800ddb8   0x00000009   Data   RO          142    .constdata          config.o
    0x0800ddc1   0x00000003   PAD
    0x0800ddc4   0x00000018   Data   RO          442    .constdata          drv_system.o
    0x0800dddc   0x00000004   PAD
    0x0800dde0   0x00000088   Data   RO          698    .constdata          m_ws.l(pow.o)
    0x0800de68   0x00000030   Data   RO         1049    .constdata          m_ws.l(cos_i.o)
    0x0800de98   0x00000008   Data   RO         1061    .constdata          m_ws.l(qnan.o)
    0x0800dea0   0x000000c8   Data   RO         1064    .constdata          m_ws.l(rred.o)
    0x0800df68   0x00000020   Data   RO         1068    .constdata          m_ws.l(rredf.o)
    0x0800df88   0x00000028   Data   RO         1071    .constdata          m_ws.l(sin_i.o)
    0x0800dfb0   0x00000081   Data   RO         1136    .constdata          mc_w.l(ctype_o.o)
    0x0800e031   0x00000003   PAD
    0x0800e034   0x00000004   Data   RO         1137    .constdata          mc_w.l(ctype_o.o)
    0x0800e038   0x00000508   Data   RO            4    .conststring        cli.o
    0x0800e540   0x00000020   Data   RO         1172    Region$$Table       anon$$obj.o


    Execution Region RW_IRAM1 (Base: 0x20000000, Size: 0x00001a90, Max: 0x00005000, ABSOLUTE, COMPRESSED[0x00000104])

    Base Addr    Size         Type   Attr      Idx    E Section Name        Object

    0x20000000   0x000000ac   Data   RW            5    .data               cli.o
    0x200000ac   0x00000005   Data   RW          143    .data               config.o
    0x200000b1   0x00000003   PAD
    0x200000b4   0x00000070   Data   RW          163    .data               imu.o
    0x20000124   0x00000018   Data   RW          196    .data               mixer.o
    0x2000013c   0x000000d6   Data   RW          217    .data               mw.o
    0x20000212   0x00000002   PAD
    0x20000214   0x00000054   Data   RW          237    .data               sensors.o
    0x20000268   0x00000008   Data   RW          265    .data               serial.o
    0x20000270   0x0000007a   Data   RW          281    .data               gps.o
    0x200002ea   0x00000002   PAD
    0x200002ec   0x0000000f   Data   RW          296    .data               spektrum.o
    0x200002fb   0x00000001   PAD
    0x200002fc   0x00000016   Data   RW          312    .data               buzzer.o
    0x20000312   0x00000002   PAD
    0x20000314   0x00000010   Data   RW          326    .data               wificontroller.o
    0x20000324   0x00000002   Data   RW          341    .data               drv_adc.o
    0x20000326   0x00000002   Data   RW          355    .data               drv_adxl345.o
    0x20000328   0x00000009   Data   RW          372    .data               drv_bmp085.o
    0x20000331   0x00000003   PAD
    0x20000334   0x0000001c   Data   RW          398    .data               drv_i2c.o
    0x20000350   0x00000001   Data   RW          412    .data               drv_mpu3050.o
    0x20000351   0x00000003   PAD
    0x20000354   0x00000071   Data   RW          427    .data               drv_pwm.o
    0x200003c5   0x00000003   PAD
    0x200003c8   0x00000008   Data   RW          443    .data               drv_system.o
    0x200003d0   0x00000010   Data   RW          462    .data               drv_uart.o
    0x200003e0   0x00000001   Data   RW          477    .data               drv_ledring.o
    0x200003e1   0x00000001   Data   RW          490    .data               drv_mpu6050.o
    0x200003e2   0x00000001   Data   RW          506    .data               drv_mma845x.o
    0x200003e3   0x00000001   PAD
    0x200003e4   0x00000014   Data   RW          532    .data               system_stm32f10x.o
    0x200003f8   0x00000014   Data   RW          610    .data               stm32f10x_rcc.o
    0x2000040c   0x00000004   Data   RW         1109    .data               mc_w.l(errno.o)
    0x20000410   0x00000020   Zero   RW            2    .bss                cli.o
    0x20000430   0x000000b4   Zero   RW          141    .bss                config.o
    0x200004e4   0x00000074   Zero   RW          162    .bss                imu.o
    0x20000558   0x00000010   Zero   RW          195    .bss                mixer.o
    0x20000568   0x0000008d   Zero   RW          216    .bss                mw.o
    0x200005f5   0x00000003   PAD
    0x200005f8   0x0000003c   Zero   RW          236    .bss                sensors.o
    0x20000634   0x00000040   Zero   RW          264    .bss                serial.o
    0x20000674   0x000000e0   Zero   RW          280    .bss                gps.o
    0x20000754   0x0000002c   Zero   RW          295    .bss                spektrum.o
    0x20000780   0x0000009c   Zero   RW          325    .bss                wificontroller.o
    0x2000081c   0x00000028   Zero   RW          371    .bss                drv_bmp085.o
    0x20000844   0x0000004a   Zero   RW          426    .bss                drv_pwm.o
    0x2000088e   0x00000200   Zero   RW          461    .bss                drv_uart.o
    0x20000a8e   0x00000002   PAD
    0x20000a90   0x00001000   Zero   RW          673    STACK               startup_stm32f10x_md.o


==============================================================================

Image component sizes


      Code (inc. data)   RO Data    RW Data    ZI Data      Debug   Object Name

       716         82          0         22          0       1137   buzzer.o
      3008        910       2708        172         32     295801   cli.o
      1312         52          9          5        180       9560   config.o
         0          0          0          0          0         32   core_cm3.o
       220         12          0          2          0       1088   drv_adc.o
       384         26          0          2          0       2375   drv_adxl345.o
      1216         36          0          9         40       4994   drv_bmp085.o
       208          0          0          0          0       1913   drv_hmc5883l.o
      2000        100          0         28          0       4489   drv_i2c.o
       352         18          0          1          0        946   drv_ledring.o
       320         20          0          1          0       2485   drv_mma845x.o
       396         16          0          1          0       2162   drv_mpu3050.o
       484         32          0          1          0       5491   drv_mpu6050.o
      1564        100          0        113         74       3893   drv_pwm.o
       576         68         24          8          0      17774   drv_system.o
       780         40          0         16        512       3251   drv_uart.o
      4156        434          0        122        224       9708   gps.o
      2096        184          0        112        116       4110   imu.o
       468         40          0          0          0        911   main.o
       176         18          0          0          0       1801   misc.o
      4932        190          0         24         16       2829   mixer.o
      5128        504          0        214        141       7842   mw.o
      2652        252          0         84         60       5030   sensors.o
      2200        234          0          8         64       3968   serial.o
       336         48          0         15         44       1871   spektrum.o
       124         40        236          0       4096        832   startup_stm32f10x_md.o
       804         26          0          0          0      10969   stm32f10x_adc.o
       456         10          0          0          0       4578   stm32f10x_dma.o
       232          8          0          0          0       2295   stm32f10x_exti.o
      1148         22          0          0          0       9188   stm32f10x_flash.o
       620         40          0          0          0       5721   stm32f10x_gpio.o
       784         14          0          0          0       9343   stm32f10x_i2c.o
       700         40          0         20          0       8840   stm32f10x_rcc.o
      2662         84          0          0          0      22702   stm32f10x_tim.o
       816         20          0          0          0       8676   stm32f10x_usart.o
       320         32          0         20          0       1875   system_stm32f10x.o
       440         50          0         16        156       2684   wificontroller.o

    ----------------------------------------------------------------------
     44788       3802       3016       1036       5760     483164   Object Totals
         0          0         32          0          0          0   (incl. Generated)
         2          0          7         20          5          0   (incl. Padding)

    ----------------------------------------------------------------------

      Code (inc. data)   RO Data    RW Data    ZI Data      Debug   Library Member Name

       596         76          0          0          0        116   atan2f.o
       252         22         48          0          0        128   cos_i.o
       384         52          0          0          0        116   cosf.o
        16          6          0          0          0         68   dunder.o
        40          0          0          0          0         68   fpclassify.o
        38          0          0          0          0         68   fpclassifyf.o
        10          0          0          0          0         68   funder.o
       170          0          0          0          0         96   poly.o
      2540        192        136          0          0        340   pow.o
         0          0          8          0          0          0   qnan.o
       900         72        200          0          0        140   rred.o
       344         16         32          0          0         88   rredf.o
       176         10          0          0          0        120   sin.o
       236         12         40          0          0        132   sin_i.o
       396         54          0          0          0        116   sinf.o
        76          0          0          0          0         84   sqrt.o
        44          0          0          0          0         80   sqrtf.o
        92          0          0          0          0          0   __dczerorl2.o
        28          0          0          0          0         68   _chval.o
       158          0          0          0          0         92   _strtoul.o
        26          0          0          0          0         80   atoi.o
        70          0          0          0          0         92   bsearch.o
         8          4        133          0          0         68   ctype_o.o
         0          0          0          0          0          0   entry.o
         8          4          0          0          0          0   entry2.o
         4          0          0          0          0          0   entry5.o
         0          0          0          0          0          0   entry7b.o
         8          4          0          0          0          0   entry8.o
        20         10          0          4          0        136   errno.o
        30          0          0          0          0          0   handlers.o
        36          8          0          0          0         68   init.o
         0          0          0          0          0          0   iusefp.o
        30          0          0          0          0         68   llshl.o
        36          0          0          0          0         68   llsshr.o
        32          0          0          0          0         68   llushr.o
        36          0          0          0          0         68   memcpya.o
        38          0          0          0          0        108   memseta.o
       770         50          0          0          0        252   printf5.o
        18          0          0          0          0         68   strchr.o
        16          0          0          0          0         68   strlen.o
        50          0          0          0          0         84   strncasecmp.o
        44          0          0          0          0         80   strstr.o
       112          0          0          0          0         88   strtol.o
        12          0          0          0          0         68   tolower.o
        12          0          0          0          0         68   toupper.o
        98          0          0          0          0         92   uldiv.o
        40          2          0          0          0         68   cdrcmple.o
        20          0          0          0          0         68   cfcmple.o
        20          0          0          0          0         68   cfrcmple.o
        56          0          0          0          0         88   d2f.o
       332          0          0          0          0        148   dadd.o
       222          0          0          0          0        100   ddiv.o
       190          0          0          0          0        176   depilogue.o
        62          0          0          0          0         80   dfixi.o
        34          0          0          0          0         76   dflti.o
        26          0          0          0          0         76   dfltui.o
       224          0          0          0          0         96   dmul.o
        46          0          0          0          0         80   dscalb.o
       162          0          0          0          0        100   dsqrt.o
        44          0          0          0          0         68   f2d.o
       176          0          0          0          0        140   fadd.o
       128          0          0          0          0         88   fdiv.o
       108          0          0          0          0        168   fepilogue.o
        50          0          0          0          0         68   ffixi.o
        40          0          0          0          0         68   ffixui.o
        18          0          0          0          0         68   fflti.o
        10          0          0          0          0         68   ffltui.o
       108          0          0          0          0         76   fmul.o
        60          0          0          0          0         76   frnd.o
        24          0          0          0          0         68   fscalb.o
        94          0          0          0          0         96   fsqrt.o

    ----------------------------------------------------------------------
     10316        594        600          4          0       5956   Library Totals
        12          0          3          0          0          0   (incl. Padding)

    ----------------------------------------------------------------------

      Code (inc. data)   RO Data    RW Data    ZI Data      Debug   Library Name

      6218        512        464          0          0       1828   m_ws.l
      1792         80        133          4          0       1852   mc_w.l
      2294          2          0          0          0       2276   mf_w.l

    ----------------------------------------------------------------------
     10316        594        600          4          0       5956   Library Totals

    ----------------------------------------------------------------------

==============================================================================


      Code (inc. data)   RO Data    RW Data    ZI Data      Debug   

     55104       4396       3616       1040       5760     481528   Grand Totals
     55104       4396       3616        260       5760     481528   ELF Image Totals (compressed)
     55104       4396       3616        260          0          0   ROM Totals

==============================================================================

    Total RO  Size (Code + RO Data)                58720 (  57.34kB)
    Total RW  Size (RW Data + ZI Data)              6800 (   6.64kB)
    Total ROM Size (Code + RO Data + RW Data)      58980 (  57.60kB)

==============================================================================

